Compiling the C compiler identification source file "CMakeCCompilerId.c" failed.
Compiler: /home/fyd/zephyr-sdk-0.17.4/xtensa-nxp_imx8m_adsp_zephyr-elf/bin/xtensa-nxp_imx8m_adsp_zephyr-elf-gcc 
Build flags: 
Id flags:  

The output was:
1
/home/fyd/zephyr-sdk-0.17.4/xtensa-nxp_imx8m_adsp_zephyr-elf/bin/../lib/gcc/xtensa-nxp_imx8m_adsp_zephyr-elf/12.2.0/../../../../xtensa-nxp_imx8m_adsp_zephyr-elf/bin/ld: cannot find _vectors.o: No such file or directory
/home/fyd/zephyr-sdk-0.17.4/xtensa-nxp_imx8m_adsp_zephyr-elf/bin/../lib/gcc/xtensa-nxp_imx8m_adsp_zephyr-elf/12.2.0/../../../../xtensa-nxp_imx8m_adsp_zephyr-elf/bin/ld: cannot find -lhandlers-sim: No such file or directory
/home/fyd/zephyr-sdk-0.17.4/xtensa-nxp_imx8m_adsp_zephyr-elf/bin/../lib/gcc/xtensa-nxp_imx8m_adsp_zephyr-elf/12.2.0/../../../../xtensa-nxp_imx8m_adsp_zephyr-elf/bin/ld: cannot find -lhal: No such file or directory
collect2: error: ld returned 1 exit status


Compiling the CXX compiler identification source file "CMakeCXXCompilerId.cpp" failed.
Compiler: /home/fyd/zephyr-sdk-0.17.4/xtensa-nxp_imx8m_adsp_zephyr-elf/bin/xtensa-nxp_imx8m_adsp_zephyr-elf-g++ 
Build flags: 
Id flags:  

The output was:
1
/home/fyd/zephyr-sdk-0.17.4/xtensa-nxp_imx8m_adsp_zephyr-elf/bin/../lib/gcc/xtensa-nxp_imx8m_adsp_zephyr-elf/12.2.0/../../../../xtensa-nxp_imx8m_adsp_zephyr-elf/bin/ld: cannot find _vectors.o: No such file or directory
/home/fyd/zephyr-sdk-0.17.4/xtensa-nxp_imx8m_adsp_zephyr-elf/bin/../lib/gcc/xtensa-nxp_imx8m_adsp_zephyr-elf/12.2.0/../../../../xtensa-nxp_imx8m_adsp_zephyr-elf/bin/ld: cannot find -lhandlers-sim: No such file or directory
/home/fyd/zephyr-sdk-0.17.4/xtensa-nxp_imx8m_adsp_zephyr-elf/bin/../lib/gcc/xtensa-nxp_imx8m_adsp_zephyr-elf/12.2.0/../../../../xtensa-nxp_imx8m_adsp_zephyr-elf/bin/ld: cannot find -lhal: No such file or directory
collect2: error: ld returned 1 exit status


Performing C++ SOURCE FILE Test check_mstack_protector_guard_global_CXX__c__nostartfiles__nostdlib__isystem___home_fyd_zephyr_sdk_0_17_4_xtensa_nxp_imx8m_adsp_zephyr_elf_bin____lib_gcc_xtensa_nxp_imx8m_adsp_zephyr_elf_12_2_0_include___isystem___home_fyd_zephyr_sdk_0_17_4_xtensa_nxp_imx8m_adsp_zephyr_elf_bin____lib_gcc_xtensa_nxp_imx8m_adsp_zephyr_elf_12_2_0_include_fixed___Wl___unresolved_symbols_ignore_in_object_files__Wl___entry_0__fuse_ld_bfd failed with the following output:
Change Dir: /home/fyd/gsoc-micro-speech-west/zephyr/samples/modules/tflite-micro/micro_speech/build/CMakeFiles/CMakeTmp

Run Build Command(s):/usr/bin/ninja cmTC_cf2cd && [1/2] Building CXX object CMakeFiles/cmTC_cf2cd.dir/src.cxx.obj
FAILED: CMakeFiles/cmTC_cf2cd.dir/src.cxx.obj 
/home/fyd/zephyr-sdk-0.17.4/xtensa-nxp_imx8m_adsp_zephyr-elf/bin/xtensa-nxp_imx8m_adsp_zephyr-elf-g++ -Dcheck_mstack_protector_guard_global_CXX__c__nostartfiles__nostdlib__isystem___home_fyd_zephyr_sdk_0_17_4_xtensa_nxp_imx8m_adsp_zephyr_elf_bin____lib_gcc_xtensa_nxp_imx8m_adsp_zephyr_elf_12_2_0_include___isystem___home_fyd_zephyr_sdk_0_17_4_xtensa_nxp_imx8m_adsp_zephyr_elf_bin____lib_gcc_xtensa_nxp_imx8m_adsp_zephyr_elf_12_2_0_include_fixed___Wl___unresolved_symbols_ignore_in_object_files__Wl___entry_0__fuse_ld_bfd  -c -nostartfiles -nostdlib -isystem "/home/fyd/zephyr-sdk-0.17.4/xtensa-nxp_imx8m_adsp_zephyr-elf/bin/../lib/gcc/xtensa-nxp_imx8m_adsp_zephyr-elf/12.2.0/include" -isystem "/home/fyd/zephyr-sdk-0.17.4/xtensa-nxp_imx8m_adsp_zephyr-elf/bin/../lib/gcc/xtensa-nxp_imx8m_adsp_zephyr-elf/12.2.0/include-fixed" -Wl,--unresolved-symbols=ignore-in-object-files -Wl,--entry=0 -fuse-ld=bfd   -mstack-protector-guard=global -o CMakeFiles/cmTC_cf2cd.dir/src.cxx.obj -c /home/fyd/gsoc-micro-speech-west/zephyr/samples/modules/tflite-micro/micro_speech/build/CMakeFiles/CMakeTmp/src.cxx
xtensa-nxp_imx8m_adsp_zephyr-elf-g++: error: unrecognized command-line option '-mstack-protector-guard=global'; did you mean '-fstack-protector-all'?
ninja: build stopped: subcommand failed.


Source file was:
int main() { return 0; }
Performing C SOURCE FILE Test check_mstack_protector_guard_global_C__c__nostartfiles__nostdlib__isystem___home_fyd_zephyr_sdk_0_17_4_xtensa_nxp_imx8m_adsp_zephyr_elf_bin____lib_gcc_xtensa_nxp_imx8m_adsp_zephyr_elf_12_2_0_include___isystem___home_fyd_zephyr_sdk_0_17_4_xtensa_nxp_imx8m_adsp_zephyr_elf_bin____lib_gcc_xtensa_nxp_imx8m_adsp_zephyr_elf_12_2_0_include_fixed___Wl___unresolved_symbols_ignore_in_object_files__Wl___entry_0__fuse_ld_bfd failed with the following output:
Change Dir: /home/fyd/gsoc-micro-speech-west/zephyr/samples/modules/tflite-micro/micro_speech/build/CMakeFiles/CMakeTmp

Run Build Command(s):/usr/bin/ninja cmTC_4a4a6 && [1/2] Building C object CMakeFiles/cmTC_4a4a6.dir/src.c.obj
FAILED: CMakeFiles/cmTC_4a4a6.dir/src.c.obj 
/home/fyd/zephyr-sdk-0.17.4/xtensa-nxp_imx8m_adsp_zephyr-elf/bin/xtensa-nxp_imx8m_adsp_zephyr-elf-gcc -Dcheck_mstack_protector_guard_global_C__c__nostartfiles__nostdlib__isystem___home_fyd_zephyr_sdk_0_17_4_xtensa_nxp_imx8m_adsp_zephyr_elf_bin____lib_gcc_xtensa_nxp_imx8m_adsp_zephyr_elf_12_2_0_include___isystem___home_fyd_zephyr_sdk_0_17_4_xtensa_nxp_imx8m_adsp_zephyr_elf_bin____lib_gcc_xtensa_nxp_imx8m_adsp_zephyr_elf_12_2_0_include_fixed___Wl___unresolved_symbols_ignore_in_object_files__Wl___entry_0__fuse_ld_bfd  -c -nostartfiles -nostdlib -isystem "/home/fyd/zephyr-sdk-0.17.4/xtensa-nxp_imx8m_adsp_zephyr-elf/bin/../lib/gcc/xtensa-nxp_imx8m_adsp_zephyr-elf/12.2.0/include" -isystem "/home/fyd/zephyr-sdk-0.17.4/xtensa-nxp_imx8m_adsp_zephyr-elf/bin/../lib/gcc/xtensa-nxp_imx8m_adsp_zephyr-elf/12.2.0/include-fixed" -Wl,--unresolved-symbols=ignore-in-object-files -Wl,--entry=0 -fuse-ld=bfd   -mstack-protector-guard=global -o CMakeFiles/cmTC_4a4a6.dir/src.c.obj -c /home/fyd/gsoc-micro-speech-west/zephyr/samples/modules/tflite-micro/micro_speech/build/CMakeFiles/CMakeTmp/src.c
xtensa-nxp_imx8m_adsp_zephyr-elf-gcc: error: unrecognized command-line option '-mstack-protector-guard=global'; did you mean '-fstack-protector-all'?
ninja: build stopped: subcommand failed.


Source file was:
int main(void) { return 0; }
