The target system is: Generic - 4.2.99 - xtensa
The host system is: Linux - 6.8.0-94-generic - x86_64
Compiling the C compiler identification source file "CMakeCCompilerId.c" succeeded.
Compiler: /home/fyd/zephyr-sdk-0.17.4/xtensa-nxp_imx8m_adsp_zephyr-elf/bin/xtensa-nxp_imx8m_adsp_zephyr-elf-gcc 
Build flags: 
Id flags: -c 

The output was:
0


Compilation of the C compiler identification source "CMakeCCompilerId.c" produced "CMakeCCompilerId.o"

The C compiler identification is GNU, found in "/home/fyd/gsoc-micro-speech-west/zephyr/samples/modules/tflite-micro/micro_speech/build/CMakeFiles/3.22.1/CompilerIdC/CMakeCCompilerId.o"

Compiling the CXX compiler identification source file "CMakeCXXCompilerId.cpp" succeeded.
Compiler: /home/fyd/zephyr-sdk-0.17.4/xtensa-nxp_imx8m_adsp_zephyr-elf/bin/xtensa-nxp_imx8m_adsp_zephyr-elf-g++ 
Build flags: 
Id flags: -c 

The output was:
0


Compilation of the CXX compiler identification source "CMakeCXXCompilerId.cpp" produced "CMakeCXXCompilerId.o"

The CXX compiler identification is GNU, found in "/home/fyd/gsoc-micro-speech-west/zephyr/samples/modules/tflite-micro/micro_speech/build/CMakeFiles/3.22.1/CompilerIdCXX/CMakeCXXCompilerId.o"

Checking whether the ASM compiler is GNU using "--version" matched "(GNU assembler)|(GCC)|(Free Software Foundation)":
xtensa-nxp_imx8m_adsp_zephyr-elf-gcc (Zephyr SDK 0.17.4) 12.2.0
Copyright (C) 2022 Free Software Foundation, Inc.
This is free software; see the source for copying conditions.  There is NO
warranty; not even for MERCHANTABILITY or FITNESS FOR A PARTICULAR PURPOSE.

Determining if files stdatomic.h exist passed with the following output:
Change Dir: /home/fyd/gsoc-micro-speech-west/zephyr/samples/modules/tflite-micro/micro_speech/build/CMakeFiles/CMakeTmp

Run Build Command(s):/usr/bin/ninja cmTC_9ffe4 && [1/2] Building C object CMakeFiles/cmTC_9ffe4.dir/HAVE_STDATOMIC_H.c.obj
[2/2] Linking C executable cmTC_9ffe4
xtensa-nxp_imx8m_adsp_zephyr-elf-gcc: warning: CMakeFiles/cmTC_9ffe4.dir/HAVE_STDATOMIC_H.c.obj: linker input file unused because linking not done



Determining if files fcntl.h exist passed with the following output:
Change Dir: /home/fyd/gsoc-micro-speech-west/zephyr/samples/modules/tflite-micro/micro_speech/build/CMakeFiles/CMakeTmp

Run Build Command(s):/usr/bin/ninja cmTC_01857 && [1/2] Building C object CMakeFiles/cmTC_01857.dir/HAVE_FCNTL_H.c.obj
[2/2] Linking C executable cmTC_01857
xtensa-nxp_imx8m_adsp_zephyr-elf-gcc: warning: CMakeFiles/cmTC_01857.dir/HAVE_FCNTL_H.c.obj: linker input file unused because linking not done



Performing C SOURCE FILE Test check_C__c__nostartfiles__nostdlib__isystem___home_fyd_zephyr_sdk_0_17_4_xtensa_nxp_imx8m_adsp_zephyr_elf_bin____lib_gcc_xtensa_nxp_imx8m_adsp_zephyr_elf_12_2_0_include___isystem___home_fyd_zephyr_sdk_0_17_4_xtensa_nxp_imx8m_adsp_zephyr_elf_bin____lib_gcc_xtensa_nxp_imx8m_adsp_zephyr_elf_12_2_0_include_fixed___Wl___unresolved_symbols_ignore_in_object_files__Wl___entry_0__fuse_ld_bfd succeeded with the following output:
Change Dir: /home/fyd/gsoc-micro-speech-west/zephyr/samples/modules/tflite-micro/micro_speech/build/CMakeFiles/CMakeTmp

Run Build Command(s):/usr/bin/ninja cmTC_89a31 && [1/2] Building C object CMakeFiles/cmTC_89a31.dir/src.c.obj
[2/2] Linking C executable cmTC_89a31
xtensa-nxp_imx8m_adsp_zephyr-elf-gcc: warning: CMakeFiles/cmTC_89a31.dir/src.c.obj: linker input file unused because linking not done


Source file was:
int main(void) { return 0; }
Performing C++ SOURCE FILE Test check_Wall_CXX__c__nostartfiles__nostdlib__isystem___home_fyd_zephyr_sdk_0_17_4_xtensa_nxp_imx8m_adsp_zephyr_elf_bin____lib_gcc_xtensa_nxp_imx8m_adsp_zephyr_elf_12_2_0_include___isystem___home_fyd_zephyr_sdk_0_17_4_xtensa_nxp_imx8m_adsp_zephyr_elf_bin____lib_gcc_xtensa_nxp_imx8m_adsp_zephyr_elf_12_2_0_include_fixed___Wl___unresolved_symbols_ignore_in_object_files__Wl___entry_0__fuse_ld_bfd succeeded with the following output:
Change Dir: /home/fyd/gsoc-micro-speech-west/zephyr/samples/modules/tflite-micro/micro_speech/build/CMakeFiles/CMakeTmp

Run Build Command(s):/usr/bin/ninja cmTC_a051b && [1/2] Building CXX object CMakeFiles/cmTC_a051b.dir/src.cxx.obj
[2/2] Linking CXX executable cmTC_a051b
xtensa-nxp_imx8m_adsp_zephyr-elf-g++: warning: CMakeFiles/cmTC_a051b.dir/src.cxx.obj: linker input file unused because linking not done


Source file was:
int main() { return 0; }
Performing C SOURCE FILE Test check_Wall_C__c__nostartfiles__nostdlib__isystem___home_fyd_zephyr_sdk_0_17_4_xtensa_nxp_imx8m_adsp_zephyr_elf_bin____lib_gcc_xtensa_nxp_imx8m_adsp_zephyr_elf_12_2_0_include___isystem___home_fyd_zephyr_sdk_0_17_4_xtensa_nxp_imx8m_adsp_zephyr_elf_bin____lib_gcc_xtensa_nxp_imx8m_adsp_zephyr_elf_12_2_0_include_fixed___Wl___unresolved_symbols_ignore_in_object_files__Wl___entry_0__fuse_ld_bfd succeeded with the following output:
Change Dir: /home/fyd/gsoc-micro-speech-west/zephyr/samples/modules/tflite-micro/micro_speech/build/CMakeFiles/CMakeTmp

Run Build Command(s):/usr/bin/ninja cmTC_4da9f && [1/2] Building C object CMakeFiles/cmTC_4da9f.dir/src.c.obj
[2/2] Linking C executable cmTC_4da9f
xtensa-nxp_imx8m_adsp_zephyr-elf-gcc: warning: CMakeFiles/cmTC_4da9f.dir/src.c.obj: linker input file unused because linking not done


Source file was:
int main(void) { return 0; }
Performing C++ SOURCE FILE Test check_Wformat__Wformat_security_CXX__c__nostartfiles__nostdlib__isystem___home_fyd_zephyr_sdk_0_17_4_xtensa_nxp_imx8m_adsp_zephyr_elf_bin____lib_gcc_xtensa_nxp_imx8m_adsp_zephyr_elf_12_2_0_include___isystem___home_fyd_zephyr_sdk_0_17_4_xtensa_nxp_imx8m_adsp_zephyr_elf_bin____lib_gcc_xtensa_nxp_imx8m_adsp_zephyr_elf_12_2_0_include_fixed___Wl___unresolved_symbols_ignore_in_object_files__Wl___entry_0__fuse_ld_bfd succeeded with the following output:
Change Dir: /home/fyd/gsoc-micro-speech-west/zephyr/samples/modules/tflite-micro/micro_speech/build/CMakeFiles/CMakeTmp

Run Build Command(s):/usr/bin/ninja cmTC_dd143 && [1/2] Building CXX object CMakeFiles/cmTC_dd143.dir/src.cxx.obj
[2/2] Linking CXX executable cmTC_dd143
xtensa-nxp_imx8m_adsp_zephyr-elf-g++: warning: CMakeFiles/cmTC_dd143.dir/src.cxx.obj: linker input file unused because linking not done


Source file was:
int main() { return 0; }
Performing C SOURCE FILE Test check_Wformat__Wformat_security_C__c__nostartfiles__nostdlib__isystem___home_fyd_zephyr_sdk_0_17_4_xtensa_nxp_imx8m_adsp_zephyr_elf_bin____lib_gcc_xtensa_nxp_imx8m_adsp_zephyr_elf_12_2_0_include___isystem___home_fyd_zephyr_sdk_0_17_4_xtensa_nxp_imx8m_adsp_zephyr_elf_bin____lib_gcc_xtensa_nxp_imx8m_adsp_zephyr_elf_12_2_0_include_fixed___Wl___unresolved_symbols_ignore_in_object_files__Wl___entry_0__fuse_ld_bfd succeeded with the following output:
Change Dir: /home/fyd/gsoc-micro-speech-west/zephyr/samples/modules/tflite-micro/micro_speech/build/CMakeFiles/CMakeTmp

Run Build Command(s):/usr/bin/ninja cmTC_c8fea && [1/2] Building C object CMakeFiles/cmTC_c8fea.dir/src.c.obj
[2/2] Linking C executable cmTC_c8fea
xtensa-nxp_imx8m_adsp_zephyr-elf-gcc: warning: CMakeFiles/cmTC_c8fea.dir/src.c.obj: linker input file unused because linking not done


Source file was:
int main(void) { return 0; }
Performing C++ SOURCE FILE Test check_Wformat__Wformat_zero_length_CXX__c__nostartfiles__nostdlib__isystem___home_fyd_zephyr_sdk_0_17_4_xtensa_nxp_imx8m_adsp_zephyr_elf_bin____lib_gcc_xtensa_nxp_imx8m_adsp_zephyr_elf_12_2_0_include___isystem___home_fyd_zephyr_sdk_0_17_4_xtensa_nxp_imx8m_adsp_zephyr_elf_bin____lib_gcc_xtensa_nxp_imx8m_adsp_zephyr_elf_12_2_0_include_fixed___Wl___unresolved_symbols_ignore_in_object_files__Wl___entry_0__fuse_ld_bfd succeeded with the following output:
Change Dir: /home/fyd/gsoc-micro-speech-west/zephyr/samples/modules/tflite-micro/micro_speech/build/CMakeFiles/CMakeTmp

Run Build Command(s):/usr/bin/ninja cmTC_304e2 && [1/2] Building CXX object CMakeFiles/cmTC_304e2.dir/src.cxx.obj
[2/2] Linking CXX executable cmTC_304e2
xtensa-nxp_imx8m_adsp_zephyr-elf-g++: warning: CMakeFiles/cmTC_304e2.dir/src.cxx.obj: linker input file unused because linking not done


Source file was:
int main() { return 0; }
Performing C SOURCE FILE Test check_Wformat__Wformat_zero_length_C__c__nostartfiles__nostdlib__isystem___home_fyd_zephyr_sdk_0_17_4_xtensa_nxp_imx8m_adsp_zephyr_elf_bin____lib_gcc_xtensa_nxp_imx8m_adsp_zephyr_elf_12_2_0_include___isystem___home_fyd_zephyr_sdk_0_17_4_xtensa_nxp_imx8m_adsp_zephyr_elf_bin____lib_gcc_xtensa_nxp_imx8m_adsp_zephyr_elf_12_2_0_include_fixed___Wl___unresolved_symbols_ignore_in_object_files__Wl___entry_0__fuse_ld_bfd succeeded with the following output:
Change Dir: /home/fyd/gsoc-micro-speech-west/zephyr/samples/modules/tflite-micro/micro_speech/build/CMakeFiles/CMakeTmp

Run Build Command(s):/usr/bin/ninja cmTC_fb3db && [1/2] Building C object CMakeFiles/cmTC_fb3db.dir/src.c.obj
[2/2] Linking C executable cmTC_fb3db
xtensa-nxp_imx8m_adsp_zephyr-elf-gcc: warning: CMakeFiles/cmTC_fb3db.dir/src.c.obj: linker input file unused because linking not done


Source file was:
int main(void) { return 0; }
Performing C++ SOURCE FILE Test check_Wdouble_promotion_CXX__c__nostartfiles__nostdlib__isystem___home_fyd_zephyr_sdk_0_17_4_xtensa_nxp_imx8m_adsp_zephyr_elf_bin____lib_gcc_xtensa_nxp_imx8m_adsp_zephyr_elf_12_2_0_include___isystem___home_fyd_zephyr_sdk_0_17_4_xtensa_nxp_imx8m_adsp_zephyr_elf_bin____lib_gcc_xtensa_nxp_imx8m_adsp_zephyr_elf_12_2_0_include_fixed___Wl___unresolved_symbols_ignore_in_object_files__Wl___entry_0__fuse_ld_bfd succeeded with the following output:
Change Dir: /home/fyd/gsoc-micro-speech-west/zephyr/samples/modules/tflite-micro/micro_speech/build/CMakeFiles/CMakeTmp

Run Build Command(s):/usr/bin/ninja cmTC_2ed40 && [1/2] Building CXX object CMakeFiles/cmTC_2ed40.dir/src.cxx.obj
[2/2] Linking CXX executable cmTC_2ed40
xtensa-nxp_imx8m_adsp_zephyr-elf-g++: warning: CMakeFiles/cmTC_2ed40.dir/src.cxx.obj: linker input file unused because linking not done


Source file was:
int main() { return 0; }
Performing C SOURCE FILE Test check_Wdouble_promotion_C__c__nostartfiles__nostdlib__isystem___home_fyd_zephyr_sdk_0_17_4_xtensa_nxp_imx8m_adsp_zephyr_elf_bin____lib_gcc_xtensa_nxp_imx8m_adsp_zephyr_elf_12_2_0_include___isystem___home_fyd_zephyr_sdk_0_17_4_xtensa_nxp_imx8m_adsp_zephyr_elf_bin____lib_gcc_xtensa_nxp_imx8m_adsp_zephyr_elf_12_2_0_include_fixed___Wl___unresolved_symbols_ignore_in_object_files__Wl___entry_0__fuse_ld_bfd succeeded with the following output:
Change Dir: /home/fyd/gsoc-micro-speech-west/zephyr/samples/modules/tflite-micro/micro_speech/build/CMakeFiles/CMakeTmp

Run Build Command(s):/usr/bin/ninja cmTC_cdca2 && [1/2] Building C object CMakeFiles/cmTC_cdca2.dir/src.c.obj
[2/2] Linking C executable cmTC_cdca2
xtensa-nxp_imx8m_adsp_zephyr-elf-gcc: warning: CMakeFiles/cmTC_cdca2.dir/src.c.obj: linker input file unused because linking not done


Source file was:
int main(void) { return 0; }
Performing C SOURCE FILE Test check_Wpointer_sign_C__c__nostartfiles__nostdlib__isystem___home_fyd_zephyr_sdk_0_17_4_xtensa_nxp_imx8m_adsp_zephyr_elf_bin____lib_gcc_xtensa_nxp_imx8m_adsp_zephyr_elf_12_2_0_include___isystem___home_fyd_zephyr_sdk_0_17_4_xtensa_nxp_imx8m_adsp_zephyr_elf_bin____lib_gcc_xtensa_nxp_imx8m_adsp_zephyr_elf_12_2_0_include_fixed___Wl___unresolved_symbols_ignore_in_object_files__Wl___entry_0__fuse_ld_bfd succeeded with the following output:
Change Dir: /home/fyd/gsoc-micro-speech-west/zephyr/samples/modules/tflite-micro/micro_speech/build/CMakeFiles/CMakeTmp

Run Build Command(s):/usr/bin/ninja cmTC_598ab && [1/2] Building C object CMakeFiles/cmTC_598ab.dir/src.c.obj
[2/2] Linking C executable cmTC_598ab
xtensa-nxp_imx8m_adsp_zephyr-elf-gcc: warning: CMakeFiles/cmTC_598ab.dir/src.c.obj: linker input file unused because linking not done


Source file was:
int main(void) { return 0; }
Performing C++ SOURCE FILE Test check_Wpointer_arith_CXX__c__nostartfiles__nostdlib__isystem___home_fyd_zephyr_sdk_0_17_4_xtensa_nxp_imx8m_adsp_zephyr_elf_bin____lib_gcc_xtensa_nxp_imx8m_adsp_zephyr_elf_12_2_0_include___isystem___home_fyd_zephyr_sdk_0_17_4_xtensa_nxp_imx8m_adsp_zephyr_elf_bin____lib_gcc_xtensa_nxp_imx8m_adsp_zephyr_elf_12_2_0_include_fixed___Wl___unresolved_symbols_ignore_in_object_files__Wl___entry_0__fuse_ld_bfd succeeded with the following output:
Change Dir: /home/fyd/gsoc-micro-speech-west/zephyr/samples/modules/tflite-micro/micro_speech/build/CMakeFiles/CMakeTmp

Run Build Command(s):/usr/bin/ninja cmTC_5d466 && [1/2] Building CXX object CMakeFiles/cmTC_5d466.dir/src.cxx.obj
[2/2] Linking CXX executable cmTC_5d466
xtensa-nxp_imx8m_adsp_zephyr-elf-g++: warning: CMakeFiles/cmTC_5d466.dir/src.cxx.obj: linker input file unused because linking not done


Source file was:
int main() { return 0; }
Performing C SOURCE FILE Test check_Wpointer_arith_C__c__nostartfiles__nostdlib__isystem___home_fyd_zephyr_sdk_0_17_4_xtensa_nxp_imx8m_adsp_zephyr_elf_bin____lib_gcc_xtensa_nxp_imx8m_adsp_zephyr_elf_12_2_0_include___isystem___home_fyd_zephyr_sdk_0_17_4_xtensa_nxp_imx8m_adsp_zephyr_elf_bin____lib_gcc_xtensa_nxp_imx8m_adsp_zephyr_elf_12_2_0_include_fixed___Wl___unresolved_symbols_ignore_in_object_files__Wl___entry_0__fuse_ld_bfd succeeded with the following output:
Change Dir: /home/fyd/gsoc-micro-speech-west/zephyr/samples/modules/tflite-micro/micro_speech/build/CMakeFiles/CMakeTmp

Run Build Command(s):/usr/bin/ninja cmTC_5a817 && [1/2] Building C object CMakeFiles/cmTC_5a817.dir/src.c.obj
[2/2] Linking C executable cmTC_5a817
xtensa-nxp_imx8m_adsp_zephyr-elf-gcc: warning: CMakeFiles/cmTC_5a817.dir/src.c.obj: linker input file unused because linking not done


Source file was:
int main(void) { return 0; }
Performing C++ SOURCE FILE Test check_Wexpansion_to_defined_CXX__c__nostartfiles__nostdlib__isystem___home_fyd_zephyr_sdk_0_17_4_xtensa_nxp_imx8m_adsp_zephyr_elf_bin____lib_gcc_xtensa_nxp_imx8m_adsp_zephyr_elf_12_2_0_include___isystem___home_fyd_zephyr_sdk_0_17_4_xtensa_nxp_imx8m_adsp_zephyr_elf_bin____lib_gcc_xtensa_nxp_imx8m_adsp_zephyr_elf_12_2_0_include_fixed___Wl___unresolved_symbols_ignore_in_object_files__Wl___entry_0__fuse_ld_bfd succeeded with the following output:
Change Dir: /home/fyd/gsoc-micro-speech-west/zephyr/samples/modules/tflite-micro/micro_speech/build/CMakeFiles/CMakeTmp

Run Build Command(s):/usr/bin/ninja cmTC_f532b && [1/2] Building CXX object CMakeFiles/cmTC_f532b.dir/src.cxx.obj
[2/2] Linking CXX executable cmTC_f532b
xtensa-nxp_imx8m_adsp_zephyr-elf-g++: warning: CMakeFiles/cmTC_f532b.dir/src.cxx.obj: linker input file unused because linking not done


Source file was:
int main() { return 0; }
Performing C SOURCE FILE Test check_Wexpansion_to_defined_C__c__nostartfiles__nostdlib__isystem___home_fyd_zephyr_sdk_0_17_4_xtensa_nxp_imx8m_adsp_zephyr_elf_bin____lib_gcc_xtensa_nxp_imx8m_adsp_zephyr_elf_12_2_0_include___isystem___home_fyd_zephyr_sdk_0_17_4_xtensa_nxp_imx8m_adsp_zephyr_elf_bin____lib_gcc_xtensa_nxp_imx8m_adsp_zephyr_elf_12_2_0_include_fixed___Wl___unresolved_symbols_ignore_in_object_files__Wl___entry_0__fuse_ld_bfd succeeded with the following output:
Change Dir: /home/fyd/gsoc-micro-speech-west/zephyr/samples/modules/tflite-micro/micro_speech/build/CMakeFiles/CMakeTmp

Run Build Command(s):/usr/bin/ninja cmTC_87c7e && [1/2] Building C object CMakeFiles/cmTC_87c7e.dir/src.c.obj
[2/2] Linking C executable cmTC_87c7e
xtensa-nxp_imx8m_adsp_zephyr-elf-gcc: warning: CMakeFiles/cmTC_87c7e.dir/src.c.obj: linker input file unused because linking not done


Source file was:
int main(void) { return 0; }
Performing C++ SOURCE FILE Test check_Wlogical_op_CXX__c__nostartfiles__nostdlib__isystem___home_fyd_zephyr_sdk_0_17_4_xtensa_nxp_imx8m_adsp_zephyr_elf_bin____lib_gcc_xtensa_nxp_imx8m_adsp_zephyr_elf_12_2_0_include___isystem___home_fyd_zephyr_sdk_0_17_4_xtensa_nxp_imx8m_adsp_zephyr_elf_bin____lib_gcc_xtensa_nxp_imx8m_adsp_zephyr_elf_12_2_0_include_fixed___Wl___unresolved_symbols_ignore_in_object_files__Wl___entry_0__fuse_ld_bfd succeeded with the following output:
Change Dir: /home/fyd/gsoc-micro-speech-west/zephyr/samples/modules/tflite-micro/micro_speech/build/CMakeFiles/CMakeTmp

Run Build Command(s):/usr/bin/ninja cmTC_b126e && [1/2] Building CXX object CMakeFiles/cmTC_b126e.dir/src.cxx.obj
[2/2] Linking CXX executable cmTC_b126e
xtensa-nxp_imx8m_adsp_zephyr-elf-g++: warning: CMakeFiles/cmTC_b126e.dir/src.cxx.obj: linker input file unused because linking not done


Source file was:
int main() { return 0; }
Performing C SOURCE FILE Test check_Wlogical_op_C__c__nostartfiles__nostdlib__isystem___home_fyd_zephyr_sdk_0_17_4_xtensa_nxp_imx8m_adsp_zephyr_elf_bin____lib_gcc_xtensa_nxp_imx8m_adsp_zephyr_elf_12_2_0_include___isystem___home_fyd_zephyr_sdk_0_17_4_xtensa_nxp_imx8m_adsp_zephyr_elf_bin____lib_gcc_xtensa_nxp_imx8m_adsp_zephyr_elf_12_2_0_include_fixed___Wl___unresolved_symbols_ignore_in_object_files__Wl___entry_0__fuse_ld_bfd succeeded with the following output:
Change Dir: /home/fyd/gsoc-micro-speech-west/zephyr/samples/modules/tflite-micro/micro_speech/build/CMakeFiles/CMakeTmp

Run Build Command(s):/usr/bin/ninja cmTC_c310b && [1/2] Building C object CMakeFiles/cmTC_c310b.dir/src.c.obj
[2/2] Linking C executable cmTC_c310b
xtensa-nxp_imx8m_adsp_zephyr-elf-gcc: warning: CMakeFiles/cmTC_c310b.dir/src.c.obj: linker input file unused because linking not done


Source file was:
int main(void) { return 0; }
Performing C++ SOURCE FILE Test check_Wmissing_field_initializers_CXX__c__nostartfiles__nostdlib__isystem___home_fyd_zephyr_sdk_0_17_4_xtensa_nxp_imx8m_adsp_zephyr_elf_bin____lib_gcc_xtensa_nxp_imx8m_adsp_zephyr_elf_12_2_0_include___isystem___home_fyd_zephyr_sdk_0_17_4_xtensa_nxp_imx8m_adsp_zephyr_elf_bin____lib_gcc_xtensa_nxp_imx8m_adsp_zephyr_elf_12_2_0_include_fixed___Wl___unresolved_symbols_ignore_in_object_files__Wl___entry_0__fuse_ld_bfd succeeded with the following output:
Change Dir: /home/fyd/gsoc-micro-speech-west/zephyr/samples/modules/tflite-micro/micro_speech/build/CMakeFiles/CMakeTmp

Run Build Command(s):/usr/bin/ninja cmTC_caf48 && [1/2] Building CXX object CMakeFiles/cmTC_caf48.dir/src.cxx.obj
[2/2] Linking CXX executable cmTC_caf48
xtensa-nxp_imx8m_adsp_zephyr-elf-g++: warning: CMakeFiles/cmTC_caf48.dir/src.cxx.obj: linker input file unused because linking not done


Source file was:
int main() { return 0; }
Performing C SOURCE FILE Test check_Wmissing_field_initializers_C__c__nostartfiles__nostdlib__isystem___home_fyd_zephyr_sdk_0_17_4_xtensa_nxp_imx8m_adsp_zephyr_elf_bin____lib_gcc_xtensa_nxp_imx8m_adsp_zephyr_elf_12_2_0_include___isystem___home_fyd_zephyr_sdk_0_17_4_xtensa_nxp_imx8m_adsp_zephyr_elf_bin____lib_gcc_xtensa_nxp_imx8m_adsp_zephyr_elf_12_2_0_include_fixed___Wl___unresolved_symbols_ignore_in_object_files__Wl___entry_0__fuse_ld_bfd succeeded with the following output:
Change Dir: /home/fyd/gsoc-micro-speech-west/zephyr/samples/modules/tflite-micro/micro_speech/build/CMakeFiles/CMakeTmp

Run Build Command(s):/usr/bin/ninja cmTC_de0c9 && [1/2] Building C object CMakeFiles/cmTC_de0c9.dir/src.c.obj
[2/2] Linking C executable cmTC_de0c9
xtensa-nxp_imx8m_adsp_zephyr-elf-gcc: warning: CMakeFiles/cmTC_de0c9.dir/src.c.obj: linker input file unused because linking not done


Source file was:
int main(void) { return 0; }
Performing C++ SOURCE FILE Test check_Wpacked_bitfield_compat_CXX__c__nostartfiles__nostdlib__isystem___home_fyd_zephyr_sdk_0_17_4_xtensa_nxp_imx8m_adsp_zephyr_elf_bin____lib_gcc_xtensa_nxp_imx8m_adsp_zephyr_elf_12_2_0_include___isystem___home_fyd_zephyr_sdk_0_17_4_xtensa_nxp_imx8m_adsp_zephyr_elf_bin____lib_gcc_xtensa_nxp_imx8m_adsp_zephyr_elf_12_2_0_include_fixed___Wl___unresolved_symbols_ignore_in_object_files__Wl___entry_0__fuse_ld_bfd succeeded with the following output:
Change Dir: /home/fyd/gsoc-micro-speech-west/zephyr/samples/modules/tflite-micro/micro_speech/build/CMakeFiles/CMakeTmp

Run Build Command(s):/usr/bin/ninja cmTC_af901 && [1/2] Building CXX object CMakeFiles/cmTC_af901.dir/src.cxx.obj
[2/2] Linking CXX executable cmTC_af901
xtensa-nxp_imx8m_adsp_zephyr-elf-g++: warning: CMakeFiles/cmTC_af901.dir/src.cxx.obj: linker input file unused because linking not done


Source file was:
int main() { return 0; }
Performing C SOURCE FILE Test check_Wpacked_bitfield_compat_C__c__nostartfiles__nostdlib__isystem___home_fyd_zephyr_sdk_0_17_4_xtensa_nxp_imx8m_adsp_zephyr_elf_bin____lib_gcc_xtensa_nxp_imx8m_adsp_zephyr_elf_12_2_0_include___isystem___home_fyd_zephyr_sdk_0_17_4_xtensa_nxp_imx8m_adsp_zephyr_elf_bin____lib_gcc_xtensa_nxp_imx8m_adsp_zephyr_elf_12_2_0_include_fixed___Wl___unresolved_symbols_ignore_in_object_files__Wl___entry_0__fuse_ld_bfd succeeded with the following output:
Change Dir: /home/fyd/gsoc-micro-speech-west/zephyr/samples/modules/tflite-micro/micro_speech/build/CMakeFiles/CMakeTmp

Run Build Command(s):/usr/bin/ninja cmTC_658ac && [1/2] Building C object CMakeFiles/cmTC_658ac.dir/src.c.obj
[2/2] Linking C executable cmTC_658ac
xtensa-nxp_imx8m_adsp_zephyr-elf-gcc: warning: CMakeFiles/cmTC_658ac.dir/src.c.obj: linker input file unused because linking not done


Source file was:
int main(void) { return 0; }
Performing C++ SOURCE FILE Test check_Wvla_CXX__c__nostartfiles__nostdlib__isystem___home_fyd_zephyr_sdk_0_17_4_xtensa_nxp_imx8m_adsp_zephyr_elf_bin____lib_gcc_xtensa_nxp_imx8m_adsp_zephyr_elf_12_2_0_include___isystem___home_fyd_zephyr_sdk_0_17_4_xtensa_nxp_imx8m_adsp_zephyr_elf_bin____lib_gcc_xtensa_nxp_imx8m_adsp_zephyr_elf_12_2_0_include_fixed___Wl___unresolved_symbols_ignore_in_object_files__Wl___entry_0__fuse_ld_bfd succeeded with the following output:
Change Dir: /home/fyd/gsoc-micro-speech-west/zephyr/samples/modules/tflite-micro/micro_speech/build/CMakeFiles/CMakeTmp

Run Build Command(s):/usr/bin/ninja cmTC_fd63b && [1/2] Building CXX object CMakeFiles/cmTC_fd63b.dir/src.cxx.obj
[2/2] Linking CXX executable cmTC_fd63b
xtensa-nxp_imx8m_adsp_zephyr-elf-g++: warning: CMakeFiles/cmTC_fd63b.dir/src.cxx.obj: linker input file unused because linking not done


Source file was:
int main() { return 0; }
Performing C SOURCE FILE Test check_Wvla_C__c__nostartfiles__nostdlib__isystem___home_fyd_zephyr_sdk_0_17_4_xtensa_nxp_imx8m_adsp_zephyr_elf_bin____lib_gcc_xtensa_nxp_imx8m_adsp_zephyr_elf_12_2_0_include___isystem___home_fyd_zephyr_sdk_0_17_4_xtensa_nxp_imx8m_adsp_zephyr_elf_bin____lib_gcc_xtensa_nxp_imx8m_adsp_zephyr_elf_12_2_0_include_fixed___Wl___unresolved_symbols_ignore_in_object_files__Wl___entry_0__fuse_ld_bfd succeeded with the following output:
Change Dir: /home/fyd/gsoc-micro-speech-west/zephyr/samples/modules/tflite-micro/micro_speech/build/CMakeFiles/CMakeTmp

Run Build Command(s):/usr/bin/ninja cmTC_8bd33 && [1/2] Building C object CMakeFiles/cmTC_8bd33.dir/src.c.obj
[2/2] Linking C executable cmTC_8bd33
xtensa-nxp_imx8m_adsp_zephyr-elf-gcc: warning: CMakeFiles/cmTC_8bd33.dir/src.c.obj: linker input file unused because linking not done


Source file was:
int main(void) { return 0; }
Performing C++ SOURCE FILE Test check_Wunused_but_set_variable_CXX__c__nostartfiles__nostdlib__isystem___home_fyd_zephyr_sdk_0_17_4_xtensa_nxp_imx8m_adsp_zephyr_elf_bin____lib_gcc_xtensa_nxp_imx8m_adsp_zephyr_elf_12_2_0_include___isystem___home_fyd_zephyr_sdk_0_17_4_xtensa_nxp_imx8m_adsp_zephyr_elf_bin____lib_gcc_xtensa_nxp_imx8m_adsp_zephyr_elf_12_2_0_include_fixed___Wl___unresolved_symbols_ignore_in_object_files__Wl___entry_0__fuse_ld_bfd succeeded with the following output:
Change Dir: /home/fyd/gsoc-micro-speech-west/zephyr/samples/modules/tflite-micro/micro_speech/build/CMakeFiles/CMakeTmp

Run Build Command(s):/usr/bin/ninja cmTC_20008 && [1/2] Building CXX object CMakeFiles/cmTC_20008.dir/src.cxx.obj
[2/2] Linking CXX executable cmTC_20008
xtensa-nxp_imx8m_adsp_zephyr-elf-g++: warning: CMakeFiles/cmTC_20008.dir/src.cxx.obj: linker input file unused because linking not done


Source file was:
int main() { return 0; }
Performing C SOURCE FILE Test check_Wunused_but_set_variable_C__c__nostartfiles__nostdlib__isystem___home_fyd_zephyr_sdk_0_17_4_xtensa_nxp_imx8m_adsp_zephyr_elf_bin____lib_gcc_xtensa_nxp_imx8m_adsp_zephyr_elf_12_2_0_include___isystem___home_fyd_zephyr_sdk_0_17_4_xtensa_nxp_imx8m_adsp_zephyr_elf_bin____lib_gcc_xtensa_nxp_imx8m_adsp_zephyr_elf_12_2_0_include_fixed___Wl___unresolved_symbols_ignore_in_object_files__Wl___entry_0__fuse_ld_bfd succeeded with the following output:
Change Dir: /home/fyd/gsoc-micro-speech-west/zephyr/samples/modules/tflite-micro/micro_speech/build/CMakeFiles/CMakeTmp

Run Build Command(s):/usr/bin/ninja cmTC_5f105 && [1/2] Building C object CMakeFiles/cmTC_5f105.dir/src.c.obj
[2/2] Linking C executable cmTC_5f105
xtensa-nxp_imx8m_adsp_zephyr-elf-gcc: warning: CMakeFiles/cmTC_5f105.dir/src.c.obj: linker input file unused because linking not done


Source file was:
int main(void) { return 0; }
Performing C SOURCE FILE Test check_Werror_implicit_int_C__c__nostartfiles__nostdlib__isystem___home_fyd_zephyr_sdk_0_17_4_xtensa_nxp_imx8m_adsp_zephyr_elf_bin____lib_gcc_xtensa_nxp_imx8m_adsp_zephyr_elf_12_2_0_include___isystem___home_fyd_zephyr_sdk_0_17_4_xtensa_nxp_imx8m_adsp_zephyr_elf_bin____lib_gcc_xtensa_nxp_imx8m_adsp_zephyr_elf_12_2_0_include_fixed___Wl___unresolved_symbols_ignore_in_object_files__Wl___entry_0__fuse_ld_bfd succeeded with the following output:
Change Dir: /home/fyd/gsoc-micro-speech-west/zephyr/samples/modules/tflite-micro/micro_speech/build/CMakeFiles/CMakeTmp

Run Build Command(s):/usr/bin/ninja cmTC_8ea62 && [1/2] Building C object CMakeFiles/cmTC_8ea62.dir/src.c.obj
[2/2] Linking C executable cmTC_8ea62
xtensa-nxp_imx8m_adsp_zephyr-elf-gcc: warning: CMakeFiles/cmTC_8ea62.dir/src.c.obj: linker input file unused because linking not done


Source file was:
int main(void) { return 0; }
Performing C++ SOURCE FILE Test check_fno_printf_return_value_CXX__c__nostartfiles__nostdlib__isystem___home_fyd_zephyr_sdk_0_17_4_xtensa_nxp_imx8m_adsp_zephyr_elf_bin____lib_gcc_xtensa_nxp_imx8m_adsp_zephyr_elf_12_2_0_include___isystem___home_fyd_zephyr_sdk_0_17_4_xtensa_nxp_imx8m_adsp_zephyr_elf_bin____lib_gcc_xtensa_nxp_imx8m_adsp_zephyr_elf_12_2_0_include_fixed___Wl___unresolved_symbols_ignore_in_object_files__Wl___entry_0__fuse_ld_bfd succeeded with the following output:
Change Dir: /home/fyd/gsoc-micro-speech-west/zephyr/samples/modules/tflite-micro/micro_speech/build/CMakeFiles/CMakeTmp

Run Build Command(s):/usr/bin/ninja cmTC_45971 && [1/2] Building CXX object CMakeFiles/cmTC_45971.dir/src.cxx.obj
[2/2] Linking CXX executable cmTC_45971
xtensa-nxp_imx8m_adsp_zephyr-elf-g++: warning: CMakeFiles/cmTC_45971.dir/src.cxx.obj: linker input file unused because linking not done


Source file was:
int main() { return 0; }
Performing C SOURCE FILE Test check_fno_printf_return_value_C__c__nostartfiles__nostdlib__isystem___home_fyd_zephyr_sdk_0_17_4_xtensa_nxp_imx8m_adsp_zephyr_elf_bin____lib_gcc_xtensa_nxp_imx8m_adsp_zephyr_elf_12_2_0_include___isystem___home_fyd_zephyr_sdk_0_17_4_xtensa_nxp_imx8m_adsp_zephyr_elf_bin____lib_gcc_xtensa_nxp_imx8m_adsp_zephyr_elf_12_2_0_include_fixed___Wl___unresolved_symbols_ignore_in_object_files__Wl___entry_0__fuse_ld_bfd succeeded with the following output:
Change Dir: /home/fyd/gsoc-micro-speech-west/zephyr/samples/modules/tflite-micro/micro_speech/build/CMakeFiles/CMakeTmp

Run Build Command(s):/usr/bin/ninja cmTC_4a644 && [1/2] Building C object CMakeFiles/cmTC_4a644.dir/src.c.obj
[2/2] Linking C executable cmTC_4a644
xtensa-nxp_imx8m_adsp_zephyr-elf-gcc: warning: CMakeFiles/cmTC_4a644.dir/src.c.obj: linker input file unused because linking not done


Source file was:
int main(void) { return 0; }
Performing C++ SOURCE FILE Test check_fsanitize_undefined_CXX__c__nostartfiles__nostdlib__isystem___home_fyd_zephyr_sdk_0_17_4_xtensa_nxp_imx8m_adsp_zephyr_elf_bin____lib_gcc_xtensa_nxp_imx8m_adsp_zephyr_elf_12_2_0_include___isystem___home_fyd_zephyr_sdk_0_17_4_xtensa_nxp_imx8m_adsp_zephyr_elf_bin____lib_gcc_xtensa_nxp_imx8m_adsp_zephyr_elf_12_2_0_include_fixed___Wl___unresolved_symbols_ignore_in_object_files__Wl___entry_0__fuse_ld_bfd succeeded with the following output:
Change Dir: /home/fyd/gsoc-micro-speech-west/zephyr/samples/modules/tflite-micro/micro_speech/build/CMakeFiles/CMakeTmp

Run Build Command(s):/usr/bin/ninja cmTC_2233b && [1/2] Building CXX object CMakeFiles/cmTC_2233b.dir/src.cxx.obj
[2/2] Linking CXX executable cmTC_2233b
xtensa-nxp_imx8m_adsp_zephyr-elf-g++: warning: CMakeFiles/cmTC_2233b.dir/src.cxx.obj: linker input file unused because linking not done


Source file was:
int main() { return 0; }
Performing C SOURCE FILE Test check_fsanitize_undefined_C__c__nostartfiles__nostdlib__isystem___home_fyd_zephyr_sdk_0_17_4_xtensa_nxp_imx8m_adsp_zephyr_elf_bin____lib_gcc_xtensa_nxp_imx8m_adsp_zephyr_elf_12_2_0_include___isystem___home_fyd_zephyr_sdk_0_17_4_xtensa_nxp_imx8m_adsp_zephyr_elf_bin____lib_gcc_xtensa_nxp_imx8m_adsp_zephyr_elf_12_2_0_include_fixed___Wl___unresolved_symbols_ignore_in_object_files__Wl___entry_0__fuse_ld_bfd succeeded with the following output:
Change Dir: /home/fyd/gsoc-micro-speech-west/zephyr/samples/modules/tflite-micro/micro_speech/build/CMakeFiles/CMakeTmp

Run Build Command(s):/usr/bin/ninja cmTC_f555d && [1/2] Building C object CMakeFiles/cmTC_f555d.dir/src.c.obj
[2/2] Linking C executable cmTC_f555d
xtensa-nxp_imx8m_adsp_zephyr-elf-gcc: warning: CMakeFiles/cmTC_f555d.dir/src.c.obj: linker input file unused because linking not done


Source file was:
int main(void) { return 0; }
Performing C++ SOURCE FILE Test check_fsanitize_undefined_trap_on_error_CXX__c__nostartfiles__nostdlib__isystem___home_fyd_zephyr_sdk_0_17_4_xtensa_nxp_imx8m_adsp_zephyr_elf_bin____lib_gcc_xtensa_nxp_imx8m_adsp_zephyr_elf_12_2_0_include___isystem___home_fyd_zephyr_sdk_0_17_4_xtensa_nxp_imx8m_adsp_zephyr_elf_bin____lib_gcc_xtensa_nxp_imx8m_adsp_zephyr_elf_12_2_0_include_fixed___Wl___unresolved_symbols_ignore_in_object_files__Wl___entry_0__fuse_ld_bfd succeeded with the following output:
Change Dir: /home/fyd/gsoc-micro-speech-west/zephyr/samples/modules/tflite-micro/micro_speech/build/CMakeFiles/CMakeTmp

Run Build Command(s):/usr/bin/ninja cmTC_e3acf && [1/2] Building CXX object CMakeFiles/cmTC_e3acf.dir/src.cxx.obj
[2/2] Linking CXX executable cmTC_e3acf
xtensa-nxp_imx8m_adsp_zephyr-elf-g++: warning: CMakeFiles/cmTC_e3acf.dir/src.cxx.obj: linker input file unused because linking not done


Source file was:
int main() { return 0; }
Performing C SOURCE FILE Test check_fsanitize_undefined_trap_on_error_C__c__nostartfiles__nostdlib__isystem___home_fyd_zephyr_sdk_0_17_4_xtensa_nxp_imx8m_adsp_zephyr_elf_bin____lib_gcc_xtensa_nxp_imx8m_adsp_zephyr_elf_12_2_0_include___isystem___home_fyd_zephyr_sdk_0_17_4_xtensa_nxp_imx8m_adsp_zephyr_elf_bin____lib_gcc_xtensa_nxp_imx8m_adsp_zephyr_elf_12_2_0_include_fixed___Wl___unresolved_symbols_ignore_in_object_files__Wl___entry_0__fuse_ld_bfd succeeded with the following output:
Change Dir: /home/fyd/gsoc-micro-speech-west/zephyr/samples/modules/tflite-micro/micro_speech/build/CMakeFiles/CMakeTmp

Run Build Command(s):/usr/bin/ninja cmTC_fca05 && [1/2] Building C object CMakeFiles/cmTC_fca05.dir/src.c.obj
[2/2] Linking C executable cmTC_fca05
xtensa-nxp_imx8m_adsp_zephyr-elf-gcc: warning: CMakeFiles/cmTC_fca05.dir/src.c.obj: linker input file unused because linking not done


Source file was:
int main(void) { return 0; }
Performing C++ SOURCE FILE Test check_fno_freestanding_CXX__c__nostartfiles__nostdlib__isystem___home_fyd_zephyr_sdk_0_17_4_xtensa_nxp_imx8m_adsp_zephyr_elf_bin____lib_gcc_xtensa_nxp_imx8m_adsp_zephyr_elf_12_2_0_include___isystem___home_fyd_zephyr_sdk_0_17_4_xtensa_nxp_imx8m_adsp_zephyr_elf_bin____lib_gcc_xtensa_nxp_imx8m_adsp_zephyr_elf_12_2_0_include_fixed___Wl___unresolved_symbols_ignore_in_object_files__Wl___entry_0__fuse_ld_bfd succeeded with the following output:
Change Dir: /home/fyd/gsoc-micro-speech-west/zephyr/samples/modules/tflite-micro/micro_speech/build/CMakeFiles/CMakeTmp

Run Build Command(s):/usr/bin/ninja cmTC_a97ed && [1/2] Building CXX object CMakeFiles/cmTC_a97ed.dir/src.cxx.obj
[2/2] Linking CXX executable cmTC_a97ed
xtensa-nxp_imx8m_adsp_zephyr-elf-g++: warning: CMakeFiles/cmTC_a97ed.dir/src.cxx.obj: linker input file unused because linking not done


Source file was:
int main() { return 0; }
Performing C SOURCE FILE Test check_fno_freestanding_C__c__nostartfiles__nostdlib__isystem___home_fyd_zephyr_sdk_0_17_4_xtensa_nxp_imx8m_adsp_zephyr_elf_bin____lib_gcc_xtensa_nxp_imx8m_adsp_zephyr_elf_12_2_0_include___isystem___home_fyd_zephyr_sdk_0_17_4_xtensa_nxp_imx8m_adsp_zephyr_elf_bin____lib_gcc_xtensa_nxp_imx8m_adsp_zephyr_elf_12_2_0_include_fixed___Wl___unresolved_symbols_ignore_in_object_files__Wl___entry_0__fuse_ld_bfd succeeded with the following output:
Change Dir: /home/fyd/gsoc-micro-speech-west/zephyr/samples/modules/tflite-micro/micro_speech/build/CMakeFiles/CMakeTmp

Run Build Command(s):/usr/bin/ninja cmTC_fc3d3 && [1/2] Building C object CMakeFiles/cmTC_fc3d3.dir/src.c.obj
[2/2] Linking C executable cmTC_fc3d3
xtensa-nxp_imx8m_adsp_zephyr-elf-gcc: warning: CMakeFiles/cmTC_fc3d3.dir/src.c.obj: linker input file unused because linking not done


Source file was:
int main(void) { return 0; }
Performing C++ SOURCE FILE Test check_ffreestanding_CXX__c__nostartfiles__nostdlib__isystem___home_fyd_zephyr_sdk_0_17_4_xtensa_nxp_imx8m_adsp_zephyr_elf_bin____lib_gcc_xtensa_nxp_imx8m_adsp_zephyr_elf_12_2_0_include___isystem___home_fyd_zephyr_sdk_0_17_4_xtensa_nxp_imx8m_adsp_zephyr_elf_bin____lib_gcc_xtensa_nxp_imx8m_adsp_zephyr_elf_12_2_0_include_fixed___Wl___unresolved_symbols_ignore_in_object_files__Wl___entry_0__fuse_ld_bfd succeeded with the following output:
Change Dir: /home/fyd/gsoc-micro-speech-west/zephyr/samples/modules/tflite-micro/micro_speech/build/CMakeFiles/CMakeTmp

Run Build Command(s):/usr/bin/ninja cmTC_a3dfb && [1/2] Building CXX object CMakeFiles/cmTC_a3dfb.dir/src.cxx.obj
[2/2] Linking CXX executable cmTC_a3dfb
xtensa-nxp_imx8m_adsp_zephyr-elf-g++: warning: CMakeFiles/cmTC_a3dfb.dir/src.cxx.obj: linker input file unused because linking not done


Source file was:
int main() { return 0; }
Performing C SOURCE FILE Test check_ffreestanding_C__c__nostartfiles__nostdlib__isystem___home_fyd_zephyr_sdk_0_17_4_xtensa_nxp_imx8m_adsp_zephyr_elf_bin____lib_gcc_xtensa_nxp_imx8m_adsp_zephyr_elf_12_2_0_include___isystem___home_fyd_zephyr_sdk_0_17_4_xtensa_nxp_imx8m_adsp_zephyr_elf_bin____lib_gcc_xtensa_nxp_imx8m_adsp_zephyr_elf_12_2_0_include_fixed___Wl___unresolved_symbols_ignore_in_object_files__Wl___entry_0__fuse_ld_bfd succeeded with the following output:
Change Dir: /home/fyd/gsoc-micro-speech-west/zephyr/samples/modules/tflite-micro/micro_speech/build/CMakeFiles/CMakeTmp

Run Build Command(s):/usr/bin/ninja cmTC_78eb0 && [1/2] Building C object CMakeFiles/cmTC_78eb0.dir/src.c.obj
[2/2] Linking C executable cmTC_78eb0
xtensa-nxp_imx8m_adsp_zephyr-elf-gcc: warning: CMakeFiles/cmTC_78eb0.dir/src.c.obj: linker input file unused because linking not done


Source file was:
int main(void) { return 0; }
Performing C++ SOURCE FILE Test check_gdwarf_4_CXX__c__nostartfiles__nostdlib__isystem___home_fyd_zephyr_sdk_0_17_4_xtensa_nxp_imx8m_adsp_zephyr_elf_bin____lib_gcc_xtensa_nxp_imx8m_adsp_zephyr_elf_12_2_0_include___isystem___home_fyd_zephyr_sdk_0_17_4_xtensa_nxp_imx8m_adsp_zephyr_elf_bin____lib_gcc_xtensa_nxp_imx8m_adsp_zephyr_elf_12_2_0_include_fixed___Wl___unresolved_symbols_ignore_in_object_files__Wl___entry_0__fuse_ld_bfd succeeded with the following output:
Change Dir: /home/fyd/gsoc-micro-speech-west/zephyr/samples/modules/tflite-micro/micro_speech/build/CMakeFiles/CMakeTmp

Run Build Command(s):/usr/bin/ninja cmTC_4a650 && [1/2] Building CXX object CMakeFiles/cmTC_4a650.dir/src.cxx.obj
[2/2] Linking CXX executable cmTC_4a650
xtensa-nxp_imx8m_adsp_zephyr-elf-g++: warning: CMakeFiles/cmTC_4a650.dir/src.cxx.obj: linker input file unused because linking not done


Source file was:
int main() { return 0; }
Performing C SOURCE FILE Test check_gdwarf_4_C__c__nostartfiles__nostdlib__isystem___home_fyd_zephyr_sdk_0_17_4_xtensa_nxp_imx8m_adsp_zephyr_elf_bin____lib_gcc_xtensa_nxp_imx8m_adsp_zephyr_elf_12_2_0_include___isystem___home_fyd_zephyr_sdk_0_17_4_xtensa_nxp_imx8m_adsp_zephyr_elf_bin____lib_gcc_xtensa_nxp_imx8m_adsp_zephyr_elf_12_2_0_include_fixed___Wl___unresolved_symbols_ignore_in_object_files__Wl___entry_0__fuse_ld_bfd succeeded with the following output:
Change Dir: /home/fyd/gsoc-micro-speech-west/zephyr/samples/modules/tflite-micro/micro_speech/build/CMakeFiles/CMakeTmp

Run Build Command(s):/usr/bin/ninja cmTC_0f90b && [1/2] Building C object CMakeFiles/cmTC_0f90b.dir/src.c.obj
[2/2] Linking C executable cmTC_0f90b
xtensa-nxp_imx8m_adsp_zephyr-elf-gcc: warning: CMakeFiles/cmTC_0f90b.dir/src.c.obj: linker input file unused because linking not done


Source file was:
int main(void) { return 0; }
Performing C++ SOURCE FILE Test check_fdiagnostics_color_always_CXX__c__nostartfiles__nostdlib__isystem___home_fyd_zephyr_sdk_0_17_4_xtensa_nxp_imx8m_adsp_zephyr_elf_bin____lib_gcc_xtensa_nxp_imx8m_adsp_zephyr_elf_12_2_0_include___isystem___home_fyd_zephyr_sdk_0_17_4_xtensa_nxp_imx8m_adsp_zephyr_elf_bin____lib_gcc_xtensa_nxp_imx8m_adsp_zephyr_elf_12_2_0_include_fixed___Wl___unresolved_symbols_ignore_in_object_files__Wl___entry_0__fuse_ld_bfd succeeded with the following output:
Change Dir: /home/fyd/gsoc-micro-speech-west/zephyr/samples/modules/tflite-micro/micro_speech/build/CMakeFiles/CMakeTmp

Run Build Command(s):/usr/bin/ninja cmTC_bf997 && [1/2] Building CXX object CMakeFiles/cmTC_bf997.dir/src.cxx.obj
[2/2] Linking CXX executable cmTC_bf997
xtensa-nxp_imx8m_adsp_zephyr-elf-g++: warning: CMakeFiles/cmTC_bf997.dir/src.cxx.obj: linker input file unused because linking not done


Source file was:
int main() { return 0; }
Performing C SOURCE FILE Test check_fdiagnostics_color_always_C__c__nostartfiles__nostdlib__isystem___home_fyd_zephyr_sdk_0_17_4_xtensa_nxp_imx8m_adsp_zephyr_elf_bin____lib_gcc_xtensa_nxp_imx8m_adsp_zephyr_elf_12_2_0_include___isystem___home_fyd_zephyr_sdk_0_17_4_xtensa_nxp_imx8m_adsp_zephyr_elf_bin____lib_gcc_xtensa_nxp_imx8m_adsp_zephyr_elf_12_2_0_include_fixed___Wl___unresolved_symbols_ignore_in_object_files__Wl___entry_0__fuse_ld_bfd succeeded with the following output:
Change Dir: /home/fyd/gsoc-micro-speech-west/zephyr/samples/modules/tflite-micro/micro_speech/build/CMakeFiles/CMakeTmp

Run Build Command(s):/usr/bin/ninja cmTC_dd398 && [1/2] Building C object CMakeFiles/cmTC_dd398.dir/src.c.obj
[2/2] Linking C executable cmTC_dd398
xtensa-nxp_imx8m_adsp_zephyr-elf-gcc: warning: CMakeFiles/cmTC_dd398.dir/src.c.obj: linker input file unused because linking not done


Source file was:
int main(void) { return 0; }
Performing C SOURCE FILE Test check_C__c__nostartfiles__nostdlib__isystem___home_fyd_zephyr_sdk_0_17_4_xtensa_nxp_imx8m_adsp_zephyr_elf_bin____lib_gcc_xtensa_nxp_imx8m_adsp_zephyr_elf_12_2_0_include___isystem___home_fyd_zephyr_sdk_0_17_4_xtensa_nxp_imx8m_adsp_zephyr_elf_bin____lib_gcc_xtensa_nxp_imx8m_adsp_zephyr_elf_12_2_0_include_fixed___Wl___unresolved_symbols_ignore_in_object_files__Wl___entry_0__fuse_ld_bfd__Wl___gc_sections succeeded with the following output:
Change Dir: /home/fyd/gsoc-micro-speech-west/zephyr/samples/modules/tflite-micro/micro_speech/build/CMakeFiles/CMakeTmp

Run Build Command(s):/usr/bin/ninja cmTC_4f6c4 && [1/2] Building C object CMakeFiles/cmTC_4f6c4.dir/src.c.obj
[2/2] Linking C executable cmTC_4f6c4
xtensa-nxp_imx8m_adsp_zephyr-elf-gcc: warning: CMakeFiles/cmTC_4f6c4.dir/src.c.obj: linker input file unused because linking not done


Source file was:
int main(void) { return 0; }
Performing C SOURCE FILE Test check_C__c__nostartfiles__nostdlib__isystem___home_fyd_zephyr_sdk_0_17_4_xtensa_nxp_imx8m_adsp_zephyr_elf_bin____lib_gcc_xtensa_nxp_imx8m_adsp_zephyr_elf_12_2_0_include___isystem___home_fyd_zephyr_sdk_0_17_4_xtensa_nxp_imx8m_adsp_zephyr_elf_bin____lib_gcc_xtensa_nxp_imx8m_adsp_zephyr_elf_12_2_0_include_fixed___Wl___unresolved_symbols_ignore_in_object_files__Wl___entry_0__fuse_ld_bfd__Wl___build_id_none succeeded with the following output:
Change Dir: /home/fyd/gsoc-micro-speech-west/zephyr/samples/modules/tflite-micro/micro_speech/build/CMakeFiles/CMakeTmp

Run Build Command(s):/usr/bin/ninja cmTC_f8680 && [1/2] Building C object CMakeFiles/cmTC_f8680.dir/src.c.obj
[2/2] Linking C executable cmTC_f8680
xtensa-nxp_imx8m_adsp_zephyr-elf-gcc: warning: CMakeFiles/cmTC_f8680.dir/src.c.obj: linker input file unused because linking not done


Source file was:
int main(void) { return 0; }
Performing C SOURCE FILE Test check_C__c__nostartfiles__nostdlib__isystem___home_fyd_zephyr_sdk_0_17_4_xtensa_nxp_imx8m_adsp_zephyr_elf_bin____lib_gcc_xtensa_nxp_imx8m_adsp_zephyr_elf_12_2_0_include___isystem___home_fyd_zephyr_sdk_0_17_4_xtensa_nxp_imx8m_adsp_zephyr_elf_bin____lib_gcc_xtensa_nxp_imx8m_adsp_zephyr_elf_12_2_0_include_fixed___Wl___unresolved_symbols_ignore_in_object_files__Wl___entry_0__fuse_ld_bfd__nostdlib succeeded with the following output:
Change Dir: /home/fyd/gsoc-micro-speech-west/zephyr/samples/modules/tflite-micro/micro_speech/build/CMakeFiles/CMakeTmp

Run Build Command(s):/usr/bin/ninja cmTC_b68fb && [1/2] Building C object CMakeFiles/cmTC_b68fb.dir/src.c.obj
[2/2] Linking C executable cmTC_b68fb
xtensa-nxp_imx8m_adsp_zephyr-elf-gcc: warning: CMakeFiles/cmTC_b68fb.dir/src.c.obj: linker input file unused because linking not done


Source file was:
int main(void) { return 0; }
Performing C SOURCE FILE Test check_C__c__nostartfiles__nostdlib__isystem___home_fyd_zephyr_sdk_0_17_4_xtensa_nxp_imx8m_adsp_zephyr_elf_bin____lib_gcc_xtensa_nxp_imx8m_adsp_zephyr_elf_12_2_0_include___isystem___home_fyd_zephyr_sdk_0_17_4_xtensa_nxp_imx8m_adsp_zephyr_elf_bin____lib_gcc_xtensa_nxp_imx8m_adsp_zephyr_elf_12_2_0_include_fixed___Wl___unresolved_symbols_ignore_in_object_files__Wl___entry_0__fuse_ld_bfd__static succeeded with the following output:
Change Dir: /home/fyd/gsoc-micro-speech-west/zephyr/samples/modules/tflite-micro/micro_speech/build/CMakeFiles/CMakeTmp

Run Build Command(s):/usr/bin/ninja cmTC_b4519 && [1/2] Building C object CMakeFiles/cmTC_b4519.dir/src.c.obj
[2/2] Linking C executable cmTC_b4519
xtensa-nxp_imx8m_adsp_zephyr-elf-gcc: warning: CMakeFiles/cmTC_b4519.dir/src.c.obj: linker input file unused because linking not done


Source file was:
int main(void) { return 0; }
Performing C SOURCE FILE Test check_C__c__nostartfiles__nostdlib__isystem___home_fyd_zephyr_sdk_0_17_4_xtensa_nxp_imx8m_adsp_zephyr_elf_bin____lib_gcc_xtensa_nxp_imx8m_adsp_zephyr_elf_12_2_0_include___isystem___home_fyd_zephyr_sdk_0_17_4_xtensa_nxp_imx8m_adsp_zephyr_elf_bin____lib_gcc_xtensa_nxp_imx8m_adsp_zephyr_elf_12_2_0_include_fixed___Wl___unresolved_symbols_ignore_in_object_files__Wl___entry_0__fuse_ld_bfd__Wl__X succeeded with the following output:
Change Dir: /home/fyd/gsoc-micro-speech-west/zephyr/samples/modules/tflite-micro/micro_speech/build/CMakeFiles/CMakeTmp

Run Build Command(s):/usr/bin/ninja cmTC_ba826 && [1/2] Building C object CMakeFiles/cmTC_ba826.dir/src.c.obj
[2/2] Linking C executable cmTC_ba826
xtensa-nxp_imx8m_adsp_zephyr-elf-gcc: warning: CMakeFiles/cmTC_ba826.dir/src.c.obj: linker input file unused because linking not done


Source file was:
int main(void) { return 0; }
Performing C SOURCE FILE Test check_C__c__nostartfiles__nostdlib__isystem___home_fyd_zephyr_sdk_0_17_4_xtensa_nxp_imx8m_adsp_zephyr_elf_bin____lib_gcc_xtensa_nxp_imx8m_adsp_zephyr_elf_12_2_0_include___isystem___home_fyd_zephyr_sdk_0_17_4_xtensa_nxp_imx8m_adsp_zephyr_elf_bin____lib_gcc_xtensa_nxp_imx8m_adsp_zephyr_elf_12_2_0_include_fixed___Wl___unresolved_symbols_ignore_in_object_files__Wl___entry_0__fuse_ld_bfd__Wl__N succeeded with the following output:
Change Dir: /home/fyd/gsoc-micro-speech-west/zephyr/samples/modules/tflite-micro/micro_speech/build/CMakeFiles/CMakeTmp

Run Build Command(s):/usr/bin/ninja cmTC_aa739 && [1/2] Building C object CMakeFiles/cmTC_aa739.dir/src.c.obj
[2/2] Linking C executable cmTC_aa739
xtensa-nxp_imx8m_adsp_zephyr-elf-gcc: warning: CMakeFiles/cmTC_aa739.dir/src.c.obj: linker input file unused because linking not done


Source file was:
int main(void) { return 0; }
Performing C SOURCE FILE Test check_C__c__nostartfiles__nostdlib__isystem___home_fyd_zephyr_sdk_0_17_4_xtensa_nxp_imx8m_adsp_zephyr_elf_bin____lib_gcc_xtensa_nxp_imx8m_adsp_zephyr_elf_12_2_0_include___isystem___home_fyd_zephyr_sdk_0_17_4_xtensa_nxp_imx8m_adsp_zephyr_elf_bin____lib_gcc_xtensa_nxp_imx8m_adsp_zephyr_elf_12_2_0_include_fixed___Wl___unresolved_symbols_ignore_in_object_files__Wl___entry_0__fuse_ld_bfd__Wl___orphan_handling_warn succeeded with the following output:
Change Dir: /home/fyd/gsoc-micro-speech-west/zephyr/samples/modules/tflite-micro/micro_speech/build/CMakeFiles/CMakeTmp

Run Build Command(s):/usr/bin/ninja cmTC_3f307 && [1/2] Building C object CMakeFiles/cmTC_3f307.dir/src.c.obj
[2/2] Linking C executable cmTC_3f307
xtensa-nxp_imx8m_adsp_zephyr-elf-gcc: warning: CMakeFiles/cmTC_3f307.dir/src.c.obj: linker input file unused because linking not done


Source file was:
int main(void) { return 0; }
Performing C SOURCE FILE Test check_C__c__nostartfiles__nostdlib__isystem___home_fyd_zephyr_sdk_0_17_4_xtensa_nxp_imx8m_adsp_zephyr_elf_bin____lib_gcc_xtensa_nxp_imx8m_adsp_zephyr_elf_12_2_0_include___isystem___home_fyd_zephyr_sdk_0_17_4_xtensa_nxp_imx8m_adsp_zephyr_elf_bin____lib_gcc_xtensa_nxp_imx8m_adsp_zephyr_elf_12_2_0_include_fixed___Wl___unresolved_symbols_ignore_in_object_files__Wl___entry_0__fuse_ld_bfd__Wl___orphan_handling_error succeeded with the following output:
Change Dir: /home/fyd/gsoc-micro-speech-west/zephyr/samples/modules/tflite-micro/micro_speech/build/CMakeFiles/CMakeTmp

Run Build Command(s):/usr/bin/ninja cmTC_3ff96 && [1/2] Building C object CMakeFiles/cmTC_3ff96.dir/src.c.obj
[2/2] Linking C executable cmTC_3ff96
xtensa-nxp_imx8m_adsp_zephyr-elf-gcc: warning: CMakeFiles/cmTC_3ff96.dir/src.c.obj: linker input file unused because linking not done


Source file was:
int main(void) { return 0; }
Performing C SOURCE FILE Test check_C__c__nostartfiles__nostdlib__isystem___home_fyd_zephyr_sdk_0_17_4_xtensa_nxp_imx8m_adsp_zephyr_elf_bin____lib_gcc_xtensa_nxp_imx8m_adsp_zephyr_elf_12_2_0_include___isystem___home_fyd_zephyr_sdk_0_17_4_xtensa_nxp_imx8m_adsp_zephyr_elf_bin____lib_gcc_xtensa_nxp_imx8m_adsp_zephyr_elf_12_2_0_include_fixed___Wl___unresolved_symbols_ignore_in_object_files__Wl___entry_0__fuse_ld_bfd__Wl___print_memory_usage succeeded with the following output:
Change Dir: /home/fyd/gsoc-micro-speech-west/zephyr/samples/modules/tflite-micro/micro_speech/build/CMakeFiles/CMakeTmp

Run Build Command(s):/usr/bin/ninja cmTC_26438 && [1/2] Building C object CMakeFiles/cmTC_26438.dir/src.c.obj
[2/2] Linking C executable cmTC_26438
xtensa-nxp_imx8m_adsp_zephyr-elf-gcc: warning: CMakeFiles/cmTC_26438.dir/src.c.obj: linker input file unused because linking not done


Source file was:
int main(void) { return 0; }
Performing C SOURCE FILE Test check_C__c__nostartfiles__nostdlib__isystem___home_fyd_zephyr_sdk_0_17_4_xtensa_nxp_imx8m_adsp_zephyr_elf_bin____lib_gcc_xtensa_nxp_imx8m_adsp_zephyr_elf_12_2_0_include___isystem___home_fyd_zephyr_sdk_0_17_4_xtensa_nxp_imx8m_adsp_zephyr_elf_bin____lib_gcc_xtensa_nxp_imx8m_adsp_zephyr_elf_12_2_0_include_fixed___Wl___unresolved_symbols_ignore_in_object_files__Wl___entry_0__fuse_ld_bfd__fsanitize_undefined succeeded with the following output:
Change Dir: /home/fyd/gsoc-micro-speech-west/zephyr/samples/modules/tflite-micro/micro_speech/build/CMakeFiles/CMakeTmp

Run Build Command(s):/usr/bin/ninja cmTC_e05c8 && [1/2] Building C object CMakeFiles/cmTC_e05c8.dir/src.c.obj
[2/2] Linking C executable cmTC_e05c8
xtensa-nxp_imx8m_adsp_zephyr-elf-gcc: warning: CMakeFiles/cmTC_e05c8.dir/src.c.obj: linker input file unused because linking not done


Source file was:
int main(void) { return 0; }
Performing C SOURCE FILE Test check_C__c__nostartfiles__nostdlib__isystem___home_fyd_zephyr_sdk_0_17_4_xtensa_nxp_imx8m_adsp_zephyr_elf_bin____lib_gcc_xtensa_nxp_imx8m_adsp_zephyr_elf_12_2_0_include___isystem___home_fyd_zephyr_sdk_0_17_4_xtensa_nxp_imx8m_adsp_zephyr_elf_bin____lib_gcc_xtensa_nxp_imx8m_adsp_zephyr_elf_12_2_0_include_fixed___Wl___unresolved_symbols_ignore_in_object_files__Wl___entry_0__fuse_ld_bfd__fsanitize_undefined_trap_on_error succeeded with the following output:
Change Dir: /home/fyd/gsoc-micro-speech-west/zephyr/samples/modules/tflite-micro/micro_speech/build/CMakeFiles/CMakeTmp

Run Build Command(s):/usr/bin/ninja cmTC_2b5bf && [1/2] Building C object CMakeFiles/cmTC_2b5bf.dir/src.c.obj
[2/2] Linking C executable cmTC_2b5bf
xtensa-nxp_imx8m_adsp_zephyr-elf-gcc: warning: CMakeFiles/cmTC_2b5bf.dir/src.c.obj: linker input file unused because linking not done


Source file was:
int main(void) { return 0; }
Performing C SOURCE FILE Test check_C__c__nostartfiles__nostdlib__isystem___home_fyd_zephyr_sdk_0_17_4_xtensa_nxp_imx8m_adsp_zephyr_elf_bin____lib_gcc_xtensa_nxp_imx8m_adsp_zephyr_elf_12_2_0_include___isystem___home_fyd_zephyr_sdk_0_17_4_xtensa_nxp_imx8m_adsp_zephyr_elf_bin____lib_gcc_xtensa_nxp_imx8m_adsp_zephyr_elf_12_2_0_include_fixed___Wl___unresolved_symbols_ignore_in_object_files__Wl___entry_0__fuse_ld_bfd__Wl___no_relax succeeded with the following output:
Change Dir: /home/fyd/gsoc-micro-speech-west/zephyr/samples/modules/tflite-micro/micro_speech/build/CMakeFiles/CMakeTmp

Run Build Command(s):/usr/bin/ninja cmTC_a0758 && [1/2] Building C object CMakeFiles/cmTC_a0758.dir/src.c.obj
[2/2] Linking C executable cmTC_a0758
xtensa-nxp_imx8m_adsp_zephyr-elf-gcc: warning: CMakeFiles/cmTC_a0758.dir/src.c.obj: linker input file unused because linking not done


Source file was:
int main(void) { return 0; }
Performing C SOURCE FILE Test check_C__c__nostartfiles__nostdlib__isystem___home_fyd_zephyr_sdk_0_17_4_xtensa_nxp_imx8m_adsp_zephyr_elf_bin____lib_gcc_xtensa_nxp_imx8m_adsp_zephyr_elf_12_2_0_include___isystem___home_fyd_zephyr_sdk_0_17_4_xtensa_nxp_imx8m_adsp_zephyr_elf_bin____lib_gcc_xtensa_nxp_imx8m_adsp_zephyr_elf_12_2_0_include_fixed___Wl___unresolved_symbols_ignore_in_object_files__Wl___entry_0__fuse_ld_bfd__Wl___sort_common_descending succeeded with the following output:
Change Dir: /home/fyd/gsoc-micro-speech-west/zephyr/samples/modules/tflite-micro/micro_speech/build/CMakeFiles/CMakeTmp

Run Build Command(s):/usr/bin/ninja cmTC_3f6f5 && [1/2] Building C object CMakeFiles/cmTC_3f6f5.dir/src.c.obj
[2/2] Linking C executable cmTC_3f6f5
xtensa-nxp_imx8m_adsp_zephyr-elf-gcc: warning: CMakeFiles/cmTC_3f6f5.dir/src.c.obj: linker input file unused because linking not done


Source file was:
int main(void) { return 0; }
Performing C SOURCE FILE Test check_C__c__nostartfiles__nostdlib__isystem___home_fyd_zephyr_sdk_0_17_4_xtensa_nxp_imx8m_adsp_zephyr_elf_bin____lib_gcc_xtensa_nxp_imx8m_adsp_zephyr_elf_12_2_0_include___isystem___home_fyd_zephyr_sdk_0_17_4_xtensa_nxp_imx8m_adsp_zephyr_elf_bin____lib_gcc_xtensa_nxp_imx8m_adsp_zephyr_elf_12_2_0_include_fixed___Wl___unresolved_symbols_ignore_in_object_files__Wl___entry_0__fuse_ld_bfd__Wl___sort_section_alignment succeeded with the following output:
Change Dir: /home/fyd/gsoc-micro-speech-west/zephyr/samples/modules/tflite-micro/micro_speech/build/CMakeFiles/CMakeTmp

Run Build Command(s):/usr/bin/ninja cmTC_3d2f5 && [1/2] Building C object CMakeFiles/cmTC_3d2f5.dir/src.c.obj
[2/2] Linking C executable cmTC_3d2f5
xtensa-nxp_imx8m_adsp_zephyr-elf-gcc: warning: CMakeFiles/cmTC_3d2f5.dir/src.c.obj: linker input file unused because linking not done


Source file was:
int main(void) { return 0; }
Performing C SOURCE FILE Test check_C__c__nostartfiles__nostdlib__isystem___home_fyd_zephyr_sdk_0_17_4_xtensa_nxp_imx8m_adsp_zephyr_elf_bin____lib_gcc_xtensa_nxp_imx8m_adsp_zephyr_elf_12_2_0_include___isystem___home_fyd_zephyr_sdk_0_17_4_xtensa_nxp_imx8m_adsp_zephyr_elf_bin____lib_gcc_xtensa_nxp_imx8m_adsp_zephyr_elf_12_2_0_include_fixed___Wl___unresolved_symbols_ignore_in_object_files__Wl___entry_0__fuse_ld_bfd__pg succeeded with the following output:
Change Dir: /home/fyd/gsoc-micro-speech-west/zephyr/samples/modules/tflite-micro/micro_speech/build/CMakeFiles/CMakeTmp

Run Build Command(s):/usr/bin/ninja cmTC_19780 && [1/2] Building C object CMakeFiles/cmTC_19780.dir/src.c.obj
[2/2] Linking C executable cmTC_19780
xtensa-nxp_imx8m_adsp_zephyr-elf-gcc: warning: CMakeFiles/cmTC_19780.dir/src.c.obj: linker input file unused because linking not done


Source file was:
int main(void) { return 0; }
Performing C SOURCE FILE Test check_C__c__nostartfiles__nostdlib__isystem___home_fyd_zephyr_sdk_0_17_4_xtensa_nxp_imx8m_adsp_zephyr_elf_bin____lib_gcc_xtensa_nxp_imx8m_adsp_zephyr_elf_12_2_0_include___isystem___home_fyd_zephyr_sdk_0_17_4_xtensa_nxp_imx8m_adsp_zephyr_elf_bin____lib_gcc_xtensa_nxp_imx8m_adsp_zephyr_elf_12_2_0_include_fixed___Wl___unresolved_symbols_ignore_in_object_files__Wl___entry_0__fuse_ld_bfd__fuse_ld_bfd succeeded with the following output:
Change Dir: /home/fyd/gsoc-micro-speech-west/zephyr/samples/modules/tflite-micro/micro_speech/build/CMakeFiles/CMakeTmp

Run Build Command(s):/usr/bin/ninja cmTC_2b86d && [1/2] Building C object CMakeFiles/cmTC_2b86d.dir/src.c.obj
[2/2] Linking C executable cmTC_2b86d
xtensa-nxp_imx8m_adsp_zephyr-elf-gcc: warning: CMakeFiles/cmTC_2b86d.dir/src.c.obj: linker input file unused because linking not done


Source file was:
int main(void) { return 0; }
Performing C SOURCE FILE Test check_fno_asynchronous_unwind_tables_C__c__nostartfiles__nostdlib__isystem___home_fyd_zephyr_sdk_0_17_4_xtensa_nxp_imx8m_adsp_zephyr_elf_bin____lib_gcc_xtensa_nxp_imx8m_adsp_zephyr_elf_12_2_0_include___isystem___home_fyd_zephyr_sdk_0_17_4_xtensa_nxp_imx8m_adsp_zephyr_elf_bin____lib_gcc_xtensa_nxp_imx8m_adsp_zephyr_elf_12_2_0_include_fixed___Wl___unresolved_symbols_ignore_in_object_files__Wl___entry_0__fuse_ld_bfd succeeded with the following output:
Change Dir: /home/fyd/gsoc-micro-speech-west/zephyr/samples/modules/tflite-micro/micro_speech/build/CMakeFiles/CMakeTmp

Run Build Command(s):/usr/bin/ninja cmTC_979bc && [1/2] Building C object CMakeFiles/cmTC_979bc.dir/src.c.obj
[2/2] Linking C executable cmTC_979bc
xtensa-nxp_imx8m_adsp_zephyr-elf-gcc: warning: CMakeFiles/cmTC_979bc.dir/src.c.obj: linker input file unused because linking not done


Source file was:
int main(void) { return 0; }
Performing C++ SOURCE FILE Test check_fno_asynchronous_unwind_tables_CXX__c__nostartfiles__nostdlib__isystem___home_fyd_zephyr_sdk_0_17_4_xtensa_nxp_imx8m_adsp_zephyr_elf_bin____lib_gcc_xtensa_nxp_imx8m_adsp_zephyr_elf_12_2_0_include___isystem___home_fyd_zephyr_sdk_0_17_4_xtensa_nxp_imx8m_adsp_zephyr_elf_bin____lib_gcc_xtensa_nxp_imx8m_adsp_zephyr_elf_12_2_0_include_fixed___Wl___unresolved_symbols_ignore_in_object_files__Wl___entry_0__fuse_ld_bfd succeeded with the following output:
Change Dir: /home/fyd/gsoc-micro-speech-west/zephyr/samples/modules/tflite-micro/micro_speech/build/CMakeFiles/CMakeTmp

Run Build Command(s):/usr/bin/ninja cmTC_b737b && [1/2] Building CXX object CMakeFiles/cmTC_b737b.dir/src.cxx.obj
[2/2] Linking CXX executable cmTC_b737b
xtensa-nxp_imx8m_adsp_zephyr-elf-g++: warning: CMakeFiles/cmTC_b737b.dir/src.cxx.obj: linker input file unused because linking not done


Source file was:
int main() { return 0; }
Performing C SOURCE FILE Test check_fno_reorder_functions_C__c__nostartfiles__nostdlib__isystem___home_fyd_zephyr_sdk_0_17_4_xtensa_nxp_imx8m_adsp_zephyr_elf_bin____lib_gcc_xtensa_nxp_imx8m_adsp_zephyr_elf_12_2_0_include___isystem___home_fyd_zephyr_sdk_0_17_4_xtensa_nxp_imx8m_adsp_zephyr_elf_bin____lib_gcc_xtensa_nxp_imx8m_adsp_zephyr_elf_12_2_0_include_fixed___Wl___unresolved_symbols_ignore_in_object_files__Wl___entry_0__fuse_ld_bfd succeeded with the following output:
Change Dir: /home/fyd/gsoc-micro-speech-west/zephyr/samples/modules/tflite-micro/micro_speech/build/CMakeFiles/CMakeTmp

Run Build Command(s):/usr/bin/ninja cmTC_403a9 && [1/2] Building C object CMakeFiles/cmTC_403a9.dir/src.c.obj
[2/2] Linking C executable cmTC_403a9
xtensa-nxp_imx8m_adsp_zephyr-elf-gcc: warning: CMakeFiles/cmTC_403a9.dir/src.c.obj: linker input file unused because linking not done


Source file was:
int main(void) { return 0; }
Performing C++ SOURCE FILE Test check_fno_reorder_functions_CXX__c__nostartfiles__nostdlib__isystem___home_fyd_zephyr_sdk_0_17_4_xtensa_nxp_imx8m_adsp_zephyr_elf_bin____lib_gcc_xtensa_nxp_imx8m_adsp_zephyr_elf_12_2_0_include___isystem___home_fyd_zephyr_sdk_0_17_4_xtensa_nxp_imx8m_adsp_zephyr_elf_bin____lib_gcc_xtensa_nxp_imx8m_adsp_zephyr_elf_12_2_0_include_fixed___Wl___unresolved_symbols_ignore_in_object_files__Wl___entry_0__fuse_ld_bfd succeeded with the following output:
Change Dir: /home/fyd/gsoc-micro-speech-west/zephyr/samples/modules/tflite-micro/micro_speech/build/CMakeFiles/CMakeTmp

Run Build Command(s):/usr/bin/ninja cmTC_dbb19 && [1/2] Building CXX object CMakeFiles/cmTC_dbb19.dir/src.cxx.obj
[2/2] Linking CXX executable cmTC_dbb19
xtensa-nxp_imx8m_adsp_zephyr-elf-g++: warning: CMakeFiles/cmTC_dbb19.dir/src.cxx.obj: linker input file unused because linking not done


Source file was:
int main() { return 0; }
Performing C SOURCE FILE Test check__param_min_pagesize_0_C__c__nostartfiles__nostdlib__isystem___home_fyd_zephyr_sdk_0_17_4_xtensa_nxp_imx8m_adsp_zephyr_elf_bin____lib_gcc_xtensa_nxp_imx8m_adsp_zephyr_elf_12_2_0_include___isystem___home_fyd_zephyr_sdk_0_17_4_xtensa_nxp_imx8m_adsp_zephyr_elf_bin____lib_gcc_xtensa_nxp_imx8m_adsp_zephyr_elf_12_2_0_include_fixed___Wl___unresolved_symbols_ignore_in_object_files__Wl___entry_0__fuse_ld_bfd succeeded with the following output:
Change Dir: /home/fyd/gsoc-micro-speech-west/zephyr/samples/modules/tflite-micro/micro_speech/build/CMakeFiles/CMakeTmp

Run Build Command(s):/usr/bin/ninja cmTC_f53de && [1/2] Building C object CMakeFiles/cmTC_f53de.dir/src.c.obj
[2/2] Linking C executable cmTC_f53de
xtensa-nxp_imx8m_adsp_zephyr-elf-gcc: warning: CMakeFiles/cmTC_f53de.dir/src.c.obj: linker input file unused because linking not done


Source file was:
int main(void) { return 0; }
Performing C++ SOURCE FILE Test check__param_min_pagesize_0_CXX__c__nostartfiles__nostdlib__isystem___home_fyd_zephyr_sdk_0_17_4_xtensa_nxp_imx8m_adsp_zephyr_elf_bin____lib_gcc_xtensa_nxp_imx8m_adsp_zephyr_elf_12_2_0_include___isystem___home_fyd_zephyr_sdk_0_17_4_xtensa_nxp_imx8m_adsp_zephyr_elf_bin____lib_gcc_xtensa_nxp_imx8m_adsp_zephyr_elf_12_2_0_include_fixed___Wl___unresolved_symbols_ignore_in_object_files__Wl___entry_0__fuse_ld_bfd succeeded with the following output:
Change Dir: /home/fyd/gsoc-micro-speech-west/zephyr/samples/modules/tflite-micro/micro_speech/build/CMakeFiles/CMakeTmp

Run Build Command(s):/usr/bin/ninja cmTC_210c7 && [1/2] Building CXX object CMakeFiles/cmTC_210c7.dir/src.cxx.obj
[2/2] Linking CXX executable cmTC_210c7
xtensa-nxp_imx8m_adsp_zephyr-elf-g++: warning: CMakeFiles/cmTC_210c7.dir/src.cxx.obj: linker input file unused because linking not done


Source file was:
int main() { return 0; }
Performing C SOURCE FILE Test check_fno_defer_pop_C__c__nostartfiles__nostdlib__isystem___home_fyd_zephyr_sdk_0_17_4_xtensa_nxp_imx8m_adsp_zephyr_elf_bin____lib_gcc_xtensa_nxp_imx8m_adsp_zephyr_elf_12_2_0_include___isystem___home_fyd_zephyr_sdk_0_17_4_xtensa_nxp_imx8m_adsp_zephyr_elf_bin____lib_gcc_xtensa_nxp_imx8m_adsp_zephyr_elf_12_2_0_include_fixed___Wl___unresolved_symbols_ignore_in_object_files__Wl___entry_0__fuse_ld_bfd succeeded with the following output:
Change Dir: /home/fyd/gsoc-micro-speech-west/zephyr/samples/modules/tflite-micro/micro_speech/build/CMakeFiles/CMakeTmp

Run Build Command(s):/usr/bin/ninja cmTC_e965a && [1/2] Building C object CMakeFiles/cmTC_e965a.dir/src.c.obj
[2/2] Linking C executable cmTC_e965a
xtensa-nxp_imx8m_adsp_zephyr-elf-gcc: warning: CMakeFiles/cmTC_e965a.dir/src.c.obj: linker input file unused because linking not done


Source file was:
int main(void) { return 0; }
Performing C++ SOURCE FILE Test check_fno_defer_pop_CXX__c__nostartfiles__nostdlib__isystem___home_fyd_zephyr_sdk_0_17_4_xtensa_nxp_imx8m_adsp_zephyr_elf_bin____lib_gcc_xtensa_nxp_imx8m_adsp_zephyr_elf_12_2_0_include___isystem___home_fyd_zephyr_sdk_0_17_4_xtensa_nxp_imx8m_adsp_zephyr_elf_bin____lib_gcc_xtensa_nxp_imx8m_adsp_zephyr_elf_12_2_0_include_fixed___Wl___unresolved_symbols_ignore_in_object_files__Wl___entry_0__fuse_ld_bfd succeeded with the following output:
Change Dir: /home/fyd/gsoc-micro-speech-west/zephyr/samples/modules/tflite-micro/micro_speech/build/CMakeFiles/CMakeTmp

Run Build Command(s):/usr/bin/ninja cmTC_78678 && [1/2] Building CXX object CMakeFiles/cmTC_78678.dir/src.cxx.obj
[2/2] Linking CXX executable cmTC_78678
xtensa-nxp_imx8m_adsp_zephyr-elf-g++: warning: CMakeFiles/cmTC_78678.dir/src.cxx.obj: linker input file unused because linking not done


Source file was:
int main() { return 0; }
Performing C SOURCE FILE Test check_fmacro_prefix_map__home_fyd_gsoc_micro_speech_west_zephyr_samples_modules_tflite_micro_micro_speech_CMAKE_SOURCE_DIR_C__c__nostartfiles__nostdlib__isystem___home_fyd_zephyr_sdk_0_17_4_xtensa_nxp_imx8m_adsp_zephyr_elf_bin____lib_gcc_xtensa_nxp_imx8m_adsp_zephyr_elf_12_2_0_include___isystem___home_fyd_zephyr_sdk_0_17_4_xtensa_nxp_imx8m_adsp_zephyr_elf_bin____lib_gcc_xtensa_nxp_imx8m_adsp_zephyr_elf_12_2_0_include_fixed___Wl___unresolved_symbols_ignore_in_object_files__Wl___entry_0__fuse_ld_bfd succeeded with the following output:
Change Dir: /home/fyd/gsoc-micro-speech-west/zephyr/samples/modules/tflite-micro/micro_speech/build/CMakeFiles/CMakeTmp

Run Build Command(s):/usr/bin/ninja cmTC_6df2c && [1/2] Building C object CMakeFiles/cmTC_6df2c.dir/src.c.obj
[2/2] Linking C executable cmTC_6df2c
xtensa-nxp_imx8m_adsp_zephyr-elf-gcc: warning: CMakeFiles/cmTC_6df2c.dir/src.c.obj: linker input file unused because linking not done


Source file was:
int main(void) { return 0; }
Performing C++ SOURCE FILE Test check_fmacro_prefix_map__home_fyd_gsoc_micro_speech_west_zephyr_samples_modules_tflite_micro_micro_speech_CMAKE_SOURCE_DIR_CXX__c__nostartfiles__nostdlib__isystem___home_fyd_zephyr_sdk_0_17_4_xtensa_nxp_imx8m_adsp_zephyr_elf_bin____lib_gcc_xtensa_nxp_imx8m_adsp_zephyr_elf_12_2_0_include___isystem___home_fyd_zephyr_sdk_0_17_4_xtensa_nxp_imx8m_adsp_zephyr_elf_bin____lib_gcc_xtensa_nxp_imx8m_adsp_zephyr_elf_12_2_0_include_fixed___Wl___unresolved_symbols_ignore_in_object_files__Wl___entry_0__fuse_ld_bfd succeeded with the following output:
Change Dir: /home/fyd/gsoc-micro-speech-west/zephyr/samples/modules/tflite-micro/micro_speech/build/CMakeFiles/CMakeTmp

Run Build Command(s):/usr/bin/ninja cmTC_9c692 && [1/2] Building CXX object CMakeFiles/cmTC_9c692.dir/src.cxx.obj
[2/2] Linking CXX executable cmTC_9c692
xtensa-nxp_imx8m_adsp_zephyr-elf-g++: warning: CMakeFiles/cmTC_9c692.dir/src.cxx.obj: linker input file unused because linking not done


Source file was:
int main() { return 0; }
Performing C SOURCE FILE Test check_fmacro_prefix_map__home_fyd_gsoc_micro_speech_west_zephyr_ZEPHYR_BASE_C__c__nostartfiles__nostdlib__isystem___home_fyd_zephyr_sdk_0_17_4_xtensa_nxp_imx8m_adsp_zephyr_elf_bin____lib_gcc_xtensa_nxp_imx8m_adsp_zephyr_elf_12_2_0_include___isystem___home_fyd_zephyr_sdk_0_17_4_xtensa_nxp_imx8m_adsp_zephyr_elf_bin____lib_gcc_xtensa_nxp_imx8m_adsp_zephyr_elf_12_2_0_include_fixed___Wl___unresolved_symbols_ignore_in_object_files__Wl___entry_0__fuse_ld_bfd succeeded with the following output:
Change Dir: /home/fyd/gsoc-micro-speech-west/zephyr/samples/modules/tflite-micro/micro_speech/build/CMakeFiles/CMakeTmp

Run Build Command(s):/usr/bin/ninja cmTC_07316 && [1/2] Building C object CMakeFiles/cmTC_07316.dir/src.c.obj
[2/2] Linking C executable cmTC_07316
xtensa-nxp_imx8m_adsp_zephyr-elf-gcc: warning: CMakeFiles/cmTC_07316.dir/src.c.obj: linker input file unused because linking not done


Source file was:
int main(void) { return 0; }
Performing C++ SOURCE FILE Test check_fmacro_prefix_map__home_fyd_gsoc_micro_speech_west_zephyr_ZEPHYR_BASE_CXX__c__nostartfiles__nostdlib__isystem___home_fyd_zephyr_sdk_0_17_4_xtensa_nxp_imx8m_adsp_zephyr_elf_bin____lib_gcc_xtensa_nxp_imx8m_adsp_zephyr_elf_12_2_0_include___isystem___home_fyd_zephyr_sdk_0_17_4_xtensa_nxp_imx8m_adsp_zephyr_elf_bin____lib_gcc_xtensa_nxp_imx8m_adsp_zephyr_elf_12_2_0_include_fixed___Wl___unresolved_symbols_ignore_in_object_files__Wl___entry_0__fuse_ld_bfd succeeded with the following output:
Change Dir: /home/fyd/gsoc-micro-speech-west/zephyr/samples/modules/tflite-micro/micro_speech/build/CMakeFiles/CMakeTmp

Run Build Command(s):/usr/bin/ninja cmTC_372e8 && [1/2] Building CXX object CMakeFiles/cmTC_372e8.dir/src.cxx.obj
[2/2] Linking CXX executable cmTC_372e8
xtensa-nxp_imx8m_adsp_zephyr-elf-g++: warning: CMakeFiles/cmTC_372e8.dir/src.cxx.obj: linker input file unused because linking not done


Source file was:
int main() { return 0; }
Performing C SOURCE FILE Test check_fmacro_prefix_map__home_fyd_gsoc_micro_speech_west_WEST_TOPDIR_C__c__nostartfiles__nostdlib__isystem___home_fyd_zephyr_sdk_0_17_4_xtensa_nxp_imx8m_adsp_zephyr_elf_bin____lib_gcc_xtensa_nxp_imx8m_adsp_zephyr_elf_12_2_0_include___isystem___home_fyd_zephyr_sdk_0_17_4_xtensa_nxp_imx8m_adsp_zephyr_elf_bin____lib_gcc_xtensa_nxp_imx8m_adsp_zephyr_elf_12_2_0_include_fixed___Wl___unresolved_symbols_ignore_in_object_files__Wl___entry_0__fuse_ld_bfd succeeded with the following output:
Change Dir: /home/fyd/gsoc-micro-speech-west/zephyr/samples/modules/tflite-micro/micro_speech/build/CMakeFiles/CMakeTmp

Run Build Command(s):/usr/bin/ninja cmTC_a6495 && [1/2] Building C object CMakeFiles/cmTC_a6495.dir/src.c.obj
[2/2] Linking C executable cmTC_a6495
xtensa-nxp_imx8m_adsp_zephyr-elf-gcc: warning: CMakeFiles/cmTC_a6495.dir/src.c.obj: linker input file unused because linking not done


Source file was:
int main(void) { return 0; }
Performing C++ SOURCE FILE Test check_fmacro_prefix_map__home_fyd_gsoc_micro_speech_west_WEST_TOPDIR_CXX__c__nostartfiles__nostdlib__isystem___home_fyd_zephyr_sdk_0_17_4_xtensa_nxp_imx8m_adsp_zephyr_elf_bin____lib_gcc_xtensa_nxp_imx8m_adsp_zephyr_elf_12_2_0_include___isystem___home_fyd_zephyr_sdk_0_17_4_xtensa_nxp_imx8m_adsp_zephyr_elf_bin____lib_gcc_xtensa_nxp_imx8m_adsp_zephyr_elf_12_2_0_include_fixed___Wl___unresolved_symbols_ignore_in_object_files__Wl___entry_0__fuse_ld_bfd succeeded with the following output:
Change Dir: /home/fyd/gsoc-micro-speech-west/zephyr/samples/modules/tflite-micro/micro_speech/build/CMakeFiles/CMakeTmp

Run Build Command(s):/usr/bin/ninja cmTC_efd81 && [1/2] Building CXX object CMakeFiles/cmTC_efd81.dir/src.cxx.obj
[2/2] Linking CXX executable cmTC_efd81
xtensa-nxp_imx8m_adsp_zephyr-elf-g++: warning: CMakeFiles/cmTC_efd81.dir/src.cxx.obj: linker input file unused because linking not done


Source file was:
int main() { return 0; }
Performing C SOURCE FILE Test check_ffunction_sections_C__c__nostartfiles__nostdlib__isystem___home_fyd_zephyr_sdk_0_17_4_xtensa_nxp_imx8m_adsp_zephyr_elf_bin____lib_gcc_xtensa_nxp_imx8m_adsp_zephyr_elf_12_2_0_include___isystem___home_fyd_zephyr_sdk_0_17_4_xtensa_nxp_imx8m_adsp_zephyr_elf_bin____lib_gcc_xtensa_nxp_imx8m_adsp_zephyr_elf_12_2_0_include_fixed___Wl___unresolved_symbols_ignore_in_object_files__Wl___entry_0__fuse_ld_bfd succeeded with the following output:
Change Dir: /home/fyd/gsoc-micro-speech-west/zephyr/samples/modules/tflite-micro/micro_speech/build/CMakeFiles/CMakeTmp

Run Build Command(s):/usr/bin/ninja cmTC_a1bf4 && [1/2] Building C object CMakeFiles/cmTC_a1bf4.dir/src.c.obj
[2/2] Linking C executable cmTC_a1bf4
xtensa-nxp_imx8m_adsp_zephyr-elf-gcc: warning: CMakeFiles/cmTC_a1bf4.dir/src.c.obj: linker input file unused because linking not done


Source file was:
int main(void) { return 0; }
Performing C++ SOURCE FILE Test check_ffunction_sections_CXX__c__nostartfiles__nostdlib__isystem___home_fyd_zephyr_sdk_0_17_4_xtensa_nxp_imx8m_adsp_zephyr_elf_bin____lib_gcc_xtensa_nxp_imx8m_adsp_zephyr_elf_12_2_0_include___isystem___home_fyd_zephyr_sdk_0_17_4_xtensa_nxp_imx8m_adsp_zephyr_elf_bin____lib_gcc_xtensa_nxp_imx8m_adsp_zephyr_elf_12_2_0_include_fixed___Wl___unresolved_symbols_ignore_in_object_files__Wl___entry_0__fuse_ld_bfd succeeded with the following output:
Change Dir: /home/fyd/gsoc-micro-speech-west/zephyr/samples/modules/tflite-micro/micro_speech/build/CMakeFiles/CMakeTmp

Run Build Command(s):/usr/bin/ninja cmTC_f1bf2 && [1/2] Building CXX object CMakeFiles/cmTC_f1bf2.dir/src.cxx.obj
[2/2] Linking CXX executable cmTC_f1bf2
xtensa-nxp_imx8m_adsp_zephyr-elf-g++: warning: CMakeFiles/cmTC_f1bf2.dir/src.cxx.obj: linker input file unused because linking not done


Source file was:
int main() { return 0; }
Performing C SOURCE FILE Test check_fdata_sections_C__c__nostartfiles__nostdlib__isystem___home_fyd_zephyr_sdk_0_17_4_xtensa_nxp_imx8m_adsp_zephyr_elf_bin____lib_gcc_xtensa_nxp_imx8m_adsp_zephyr_elf_12_2_0_include___isystem___home_fyd_zephyr_sdk_0_17_4_xtensa_nxp_imx8m_adsp_zephyr_elf_bin____lib_gcc_xtensa_nxp_imx8m_adsp_zephyr_elf_12_2_0_include_fixed___Wl___unresolved_symbols_ignore_in_object_files__Wl___entry_0__fuse_ld_bfd succeeded with the following output:
Change Dir: /home/fyd/gsoc-micro-speech-west/zephyr/samples/modules/tflite-micro/micro_speech/build/CMakeFiles/CMakeTmp

Run Build Command(s):/usr/bin/ninja cmTC_e5cb5 && [1/2] Building C object CMakeFiles/cmTC_e5cb5.dir/src.c.obj
[2/2] Linking C executable cmTC_e5cb5
xtensa-nxp_imx8m_adsp_zephyr-elf-gcc: warning: CMakeFiles/cmTC_e5cb5.dir/src.c.obj: linker input file unused because linking not done


Source file was:
int main(void) { return 0; }
Performing C++ SOURCE FILE Test check_fdata_sections_CXX__c__nostartfiles__nostdlib__isystem___home_fyd_zephyr_sdk_0_17_4_xtensa_nxp_imx8m_adsp_zephyr_elf_bin____lib_gcc_xtensa_nxp_imx8m_adsp_zephyr_elf_12_2_0_include___isystem___home_fyd_zephyr_sdk_0_17_4_xtensa_nxp_imx8m_adsp_zephyr_elf_bin____lib_gcc_xtensa_nxp_imx8m_adsp_zephyr_elf_12_2_0_include_fixed___Wl___unresolved_symbols_ignore_in_object_files__Wl___entry_0__fuse_ld_bfd succeeded with the following output:
Change Dir: /home/fyd/gsoc-micro-speech-west/zephyr/samples/modules/tflite-micro/micro_speech/build/CMakeFiles/CMakeTmp

Run Build Command(s):/usr/bin/ninja cmTC_001d2 && [1/2] Building CXX object CMakeFiles/cmTC_001d2.dir/src.cxx.obj
[2/2] Linking CXX executable cmTC_001d2
xtensa-nxp_imx8m_adsp_zephyr-elf-g++: warning: CMakeFiles/cmTC_001d2.dir/src.cxx.obj: linker input file unused because linking not done


Source file was:
int main() { return 0; }
Performing C SOURCE FILE Test check_mlongcalls_C__c__nostartfiles__nostdlib__isystem___home_fyd_zephyr_sdk_0_17_4_xtensa_nxp_imx8m_adsp_zephyr_elf_bin____lib_gcc_xtensa_nxp_imx8m_adsp_zephyr_elf_12_2_0_include___isystem___home_fyd_zephyr_sdk_0_17_4_xtensa_nxp_imx8m_adsp_zephyr_elf_bin____lib_gcc_xtensa_nxp_imx8m_adsp_zephyr_elf_12_2_0_include_fixed___Wl___unresolved_symbols_ignore_in_object_files__Wl___entry_0__fuse_ld_bfd succeeded with the following output:
Change Dir: /home/fyd/gsoc-micro-speech-west/zephyr/samples/modules/tflite-micro/micro_speech/build/CMakeFiles/CMakeTmp

Run Build Command(s):/usr/bin/ninja cmTC_b9009 && [1/2] Building C object CMakeFiles/cmTC_b9009.dir/src.c.obj
[2/2] Linking C executable cmTC_b9009
xtensa-nxp_imx8m_adsp_zephyr-elf-gcc: warning: CMakeFiles/cmTC_b9009.dir/src.c.obj: linker input file unused because linking not done


Source file was:
int main(void) { return 0; }
Performing C++ SOURCE FILE Test check_mlongcalls_CXX__c__nostartfiles__nostdlib__isystem___home_fyd_zephyr_sdk_0_17_4_xtensa_nxp_imx8m_adsp_zephyr_elf_bin____lib_gcc_xtensa_nxp_imx8m_adsp_zephyr_elf_12_2_0_include___isystem___home_fyd_zephyr_sdk_0_17_4_xtensa_nxp_imx8m_adsp_zephyr_elf_bin____lib_gcc_xtensa_nxp_imx8m_adsp_zephyr_elf_12_2_0_include_fixed___Wl___unresolved_symbols_ignore_in_object_files__Wl___entry_0__fuse_ld_bfd succeeded with the following output:
Change Dir: /home/fyd/gsoc-micro-speech-west/zephyr/samples/modules/tflite-micro/micro_speech/build/CMakeFiles/CMakeTmp

Run Build Command(s):/usr/bin/ninja cmTC_37885 && [1/2] Building CXX object CMakeFiles/cmTC_37885.dir/src.cxx.obj
[2/2] Linking CXX executable cmTC_37885
xtensa-nxp_imx8m_adsp_zephyr-elf-g++: warning: CMakeFiles/cmTC_37885.dir/src.cxx.obj: linker input file unused because linking not done


Source file was:
int main() { return 0; }
Performing C SOURCE FILE Test check_c_C__c__nostartfiles__nostdlib__isystem___home_fyd_zephyr_sdk_0_17_4_xtensa_nxp_imx8m_adsp_zephyr_elf_bin____lib_gcc_xtensa_nxp_imx8m_adsp_zephyr_elf_12_2_0_include___isystem___home_fyd_zephyr_sdk_0_17_4_xtensa_nxp_imx8m_adsp_zephyr_elf_bin____lib_gcc_xtensa_nxp_imx8m_adsp_zephyr_elf_12_2_0_include_fixed___Wl___unresolved_symbols_ignore_in_object_files__Wl___entry_0__fuse_ld_bfd succeeded with the following output:
Change Dir: /home/fyd/gsoc-micro-speech-west/zephyr/samples/modules/tflite-micro/micro_speech/build/CMakeFiles/CMakeTmp

Run Build Command(s):/usr/bin/ninja cmTC_14110 && [1/2] Building C object CMakeFiles/cmTC_14110.dir/src.c.obj
[2/2] Linking C executable cmTC_14110
xtensa-nxp_imx8m_adsp_zephyr-elf-gcc: warning: CMakeFiles/cmTC_14110.dir/src.c.obj: linker input file unused because linking not done


Source file was:
int main(void) { return 0; }
Performing C SOURCE FILE Test check_mtext_section_literals_C__c__nostartfiles__nostdlib__isystem___home_fyd_zephyr_sdk_0_17_4_xtensa_nxp_imx8m_adsp_zephyr_elf_bin____lib_gcc_xtensa_nxp_imx8m_adsp_zephyr_elf_12_2_0_include___isystem___home_fyd_zephyr_sdk_0_17_4_xtensa_nxp_imx8m_adsp_zephyr_elf_bin____lib_gcc_xtensa_nxp_imx8m_adsp_zephyr_elf_12_2_0_include_fixed___Wl___unresolved_symbols_ignore_in_object_files__Wl___entry_0__fuse_ld_bfd succeeded with the following output:
Change Dir: /home/fyd/gsoc-micro-speech-west/zephyr/samples/modules/tflite-micro/micro_speech/build/CMakeFiles/CMakeTmp

Run Build Command(s):/usr/bin/ninja cmTC_e5152 && [1/2] Building C object CMakeFiles/cmTC_e5152.dir/src.c.obj
[2/2] Linking C executable cmTC_e5152
xtensa-nxp_imx8m_adsp_zephyr-elf-gcc: warning: CMakeFiles/cmTC_e5152.dir/src.c.obj: linker input file unused because linking not done


Source file was:
int main(void) { return 0; }
